---
source: crates/slakio-tui/tests/app_flows.rs
expression: "screen(&app, 80, 24, now)"
---








               slakio
               Early development: nothing connects to Slack yet.

               Ctrl+Q  Quit
               ?       Keyboard help

               Run slakio --demo to try it with invented data.








 NORMAL                                       Ctrl+Q quit · ? help · : commands
