---
source: crates/slakio-tui/tests/app_flows.rs
expression: "screen(&app, 80, 24, now)"
---




          ╭ Commands ────────────────────────────────────────────────╮
          │ : wq                                                     │
          ├──────────────────────────────────────────────────────────┤
          │  No matching commands                                    │
          ╰─────────────────── Tab/↑↓ select · Enter run · Esc close ╯
               Early development: nothing connects to Slack yet.

               Ctrl+Q  Quit
               ?       Keyboard help

               Run slakio --demo to try it with invented data.








 COMMAND                                               │ Enter run · Esc cancel
