---
source: crates/slakio-tui/tests/avatar_flows.rs
expression: mask_hangul(&d.screen())
---
╭ ▌A company ▾ · B @9 ───────╮╭────────────────────────────────────────────────────────────────────────────────────────╮
│ Home                   @24 ││                                                                                        │
│▎DMs                    ●11 ││                                                                                        │
│ Activity               @37 ││                                                                                        │
│ Files                      ││                                                                                        │
│ Later                      ││                                                                                        │
├─▾──────────────────────────┤│                                                                                        │
│ MK● Minsu Kim           3  ││                                                                                        │
│ JP● Jiho Park              ││                                                                                        │
│ ＊○ ＊＊＊                 ││                                                                                        │
│ JL◐ Jiyoung Lee            ││                                                                                        │
│ AM● Alex Morgan            ││                                                                                        │
│ ＊○ ＊＊＊                 ││                                                                                        │
│ H ● Hana                4  ││                                                                                        │
│ SR● Sam Rivera          1  ││                                                                                        │
│ ＊○ ＊＊＊                 ││                         No conversation open                                           │
│ TK◐ Taylor Kim             ││                         Pick one in the list and press Enter.                          │
│ CP● Chris Park             ││                                                                                        │
│ ＊○ ＊＊＊              2  ││                         Enter    Open                                                  │
│ ML◐ Mallory live           ││                         Space h  Home                                                  │
│ 3   Jiho Park, ＊＊＊…  2  ││                         Space d  DMs                                                   │
│                            ││                         Ctrl+O   Back to the last one                                  │
│                            ││                         ?        Keyboard help                                         │
│                            ││                         Ctrl+Q   Quit                                                  │
│                            ││                                                                                        │
│                            ││                                                                                        │
│                            ││                                                                                        │
│                            ││                                                                                        │
│                            ││                                                                                        │
│                            ││                                                                                        │
│                            ││                                                                                        │
│                            ││                                                                                        │
│                            ││                                                                                        │
│                            ││                                                                                        │
│                            ││                                                                                        │
│                            ││                                                                                        │
│                            ││                                                                                        │
│                            ││                                                                                        │
╰────────────────────────────╯╰────────────────────────────────────────────────────────────────────────────────────────╯
 NORMAL  ▌A company › DMs    │ Enter open · l peek · t new tab · Tab next pane · [/] views · ? help · Space more │ demo
