---
source: crates/slakio-tui/tests/avatar_flows.rs
expression: mask_hangul(&small.snap())
---
 ▌A company ▾ · B @9 │ Home @24  DMs ●11  Activity @37  Files  Later
╭ Home ──────────────────╮╭ ▌#backend ─────────────────────────────────────────╮
│ ▾ Favorites            ││ Tom Ko · 06:41                                     │
│▎  # backend            ││   On waiting migration someone index can staging   │
│   # incidents       3  ││   should                                           │
│                        ││                                                    │
│ ▾ Ops                  ││ Kate Nam · 06:51                                   │
│   # deploys            ││   Production roadmap customer build alert now      │
│   # alerts             ││   latency fine review latency roadmap broken       │
│   # partner-shared ext ││   should for                                       │
│   # hostile-strings    ││                                                    │
│   # big-history        ││ ＊＊＊ · 06:59                                     │
│   # long-threads       ││   Confirmed                                        │
│                        ││                                                    │
│ ▾ Channels             ││ Kate Nam · 07:05                                   │
│   # announcements      ││   Ticket review pager pager production on build    │
│   # design-review      ││   alert the on draft                               │
│   # feed-alert-134     ││                                                    │
│   # feed-alert-8       ││ Sam Rivera · 07:14                                 │
│   # feed-budget-162    ││   Meeting moved to 3pm                             │
│   # feed-budget-33     │├─ Message #backend ─────────────────────────────────┤
│   # feed-build-50      ││ › Press i to write                                 │
╰────────────────────────╯╰────────────────────────────────────────────────────╯
 NORMAL  ▌A compa… › #backend │ i write · Esc list · ? help · Space more │ demo
