---
source: crates/slakio-tui/tests/avatar_flows.rs
expression: mask_hangul(&small.snap())
---
╭ ▌A company ▾ · B @9 ───────╮╭ ▌#backend ─────────────────────────────────────╮
│▎Home                   @24 ││                                                │
│ DMs                    ●11 ││ Tom Ko · 06:41                                 │
│ Activity               @37 ││   On waiting migration someone index can       │
│ Files                      ││   staging should                               │
│ Later                      ││                                                │
├─▾──────────────────────────┤│ Kate Nam · 06:51                               │
│ ▾ Favorites                ││   Production roadmap customer build alert now  │
│▎  # backend                ││   latency fine review latency roadmap broken   │
│   # incidents           3  ││   should for                                   │
│                            ││                                                │
│ ▾ Ops                      ││ ＊＊＊ · 06:59                                 │
│   # deploys                ││   Confirmed                                    │
│   # alerts                 ││                                                │
│   # partner-shared ext     ││ Kate Nam · 07:05                               │
│   # hostile-strings        ││   Ticket review pager pager production on      │
│   # big-history            ││   build alert the on draft                     │
│   # long-threads           ││                                                │
│                            ││ Sam Rivera · 07:14                             │
│ ▾ Channels                 ││   Meeting moved to 3pm                         │
│   # announcements          │├─ Message #backend ─────────────────────────────┤
│   # design-review          ││ › Press i to write                             │
╰────────────────────────────╯╰────────────────────────────────────────────────╯
 NORMAL  ▌A compa… › #backend │ i write · Esc list · ? help · Space more │ demo
