---
source: crates/slakio-tui/tests/avatar_flows.rs
expression: mask_hangul(&narrow.snap())
---
╭ ▌A company ▾ · B @9 ───────╮╭ ▌MK @Minsu Kim ● active ───────────────────────╮
│ Home                   @24 ││    still pager review done lunch someone       │
│▎DMs                    ●11 ││    ⤷ 12 replies · last 04:02                   │
│ Activity               @37 ││                                                │
│ Files                      ││ M  Me · 04:08                                  │
│ Later                      ││    Rolling back                                │
├────────────────────────────┤│    🎉 3                                        │
│▎MK● Minsu Kim           3  ││                                                │
│ JP● Jiho Park              ││ MK Minsu Kim · 05:26                           │
│ ＊○ ＊＊＊                 ││    Done schema for please today deploy looks   │
│ JL◐ Jiyoung Lee            ││    fine timeout retry maybe looks              │
│ AM● Alex Morgan            ││                                                │
│ ＊○ ＊＊＊                 ││ MK Minsu Kim · 06:17                           │
│ H ● Hana                4  ││    For looks maybe rollback                    │
│ SR● Sam Rivera          1  ││                                                │
│ ＊○ ＊＊＊                 ││ M  Me · 07:27                                  │
│ TK◐ Taylor Kim             ││    Metrics staging dashboard index design      │
│ CP● Chris Park             ││    today lunch review review migration again   │
│ ＊○ ＊＊＊              2  ││    on branch                                   │
│ ML◐ Mallory live           ││    👍 1                                        │
│ 3   Jiho Park, ＊＊＊…  2  │├─ Message @Minsu Kim ───────────────────────────┤
│                            ││ › Press i to write                             │
╰────────────────────────────╯╰────────────────────────────────────────────────╯
 NORMAL  ▌A company › @Minsu Kim         │ i write · ? help · Space more │ demo
