---
source: crates/slakio-tui/tests/avatar_flows.rs
expression: mask_hangul(&small.snap())
---
╭ ▌A company ▾ · B @9 ───────╮╭ ▌MK @Minsu Kim ● active ───────────────────────────────────────────╮
│ Home                   @24 ││ ─────────────────────────── 2026-01-09 ─────────────────────────── │
│▎DMs                    ●11 ││ MK Minsu Kim     Waiting on deploy alert staging lunch       00:44 │
│ Activity               @37 ││                                                                    │
│ Files                      ││ MK Minsu Kim     We retry looks again budget queue now       01:36 │
│ Later                      ││                  tomorrow sprint review on tracing                 │
├────────────────────────────┤│                  production                                        │
│▎MK● Minsu Kim           3  ││                                                                    │
│ JP● Jiho Park              ││ M  Me            Ok, monitoring                              02:16 │
│ ＊○ ＊＊＊                 ││                                                                    │
│ JL◐ Jiyoung Lee            ││ M  Me            Staging today ticket the broken broken      03:50 │
│ AM● Alex Morgan            ││                  still pager review done lunch someone             │
│ ＊○ ＊＊＊                 ││                  ⤷ 12 replies · last 04:02                         │
│ H ● Hana                4  ││                                                                    │
│ SR● Sam Rivera          1  ││ M  Me            Rolling back                                04:08 │
│ ＊○ ＊＊＊                 ││                  🎉 3                                              │
│ TK◐ Taylor Kim             ││                                                                    │
│ CP● Chris Park             ││ MK Minsu Kim     Done schema for please today deploy looks   05:26 │
│ ＊○ ＊＊＊              2  ││                  fine timeout retry maybe looks                    │
│ ML◐ Mallory live           ││                                                                    │
│ 3   Jiho Park, ＊＊＊…  2  ││ MK Minsu Kim     For looks maybe rollback                    06:17 │
│                            ││                                                                    │
│                            ││ M  Me            Metrics staging dashboard index design      07:27 │
│                            ││                  today lunch review review migration again         │
│                            ││                  on branch                                         │
│                            ││                  👍 1                                              │
│                            │├─ Message @Minsu Kim ───────────────────────────────────────────────┤
│                            ││ › Press i to write                                                 │
╰────────────────────────────╯╰────────────────────────────────────────────────────────────────────╯
 NORMAL  ▌A company › @Minsu Kim   │ i write · k messages · Esc list · Ctrl+R views · ? help │ demo
