---
source: crates/slakio-tui/tests/avatar_flows.rs
expression: mask_hangul(&small.snap())
---
 ▌A company @9 ▾ │ Home @24  DMs @4  Activity @37  Files  Later
╭ DMs ───────────────────╮╭ ▌MK @Minsu Kim ● active ───────────────────────────────────────────────╮
│▎MK● Minsu Kim       1  ││                  after                                                 │
│ JP● Jiho Park          ││ M  Me            Ok, monitoring                                  21:25 │
│ ＊○ ＊＊＊             ││ MK Minsu Kim     ```                                             22:20 │
│ JL◐ Jiyoung Lee        ││                  SELECT count(*) FROM jobs WHERE state =               │
│ AM● Alex Morgan        ││                  'stuck';                                              │
│ ＊○ ＊＊＊             ││                  ```                                                   │
│ H ● Hana            2  ││ M  Me            Please customer queue migration index a merge   23:35 │
│ SR● Sam Rivera      1  ││                  merge budget waiting can staging merge roadmap        │
│ ＊○ ＊＊＊             ││ ───────────────────────────── 2026-01-09 ───────────────────────────── │
│ TK◐ Taylor Kim         ││ MK Minsu Kim     Waiting on deploy alert staging lunch           00:44 │
│ CP● Chris Park         ││ MK Minsu Kim     We retry looks again budget queue now tomorrow  01:36 │
│ ＊○ ＊＊＊          2  ││                  sprint review on tracing production                   │
│ ML◐ Mallory live       ││ M  Me            Ok, monitoring                                  02:16 │
│ 3   Jiho Park, ＊…  2  ││ M  Me            Staging today ticket the broken broken still    03:50 │
│                        ││                  pager review done lunch someone                       │
│                        ││                  ⤷ 12 replies · last 04:02                             │
│                        ││ M  Me            Rolling back                                    04:08 │
│                        ││                  :tada: 3                                              │
│                        ││ MK Minsu Kim     Done schema for please today deploy looks fine  05:26 │
│                        ││                  timeout retry maybe looks                             │
│                        ││ MK Minsu Kim     For looks maybe rollback                        06:17 │
│                        ││ M  Me            Metrics staging dashboard index design today    07:27 │
│                        ││                  lunch review review migration again on branch         │
│                        ││                  :+1: 1                                                │
│                        │├─ Message @Minsu Kim ───────────────────────────────────────────────────┤
│                        ││ › Press i to write                                                     │
╰────────────────────────╯╰────────────────────────────────────────────────────────────────────────╯
 NORMAL  ▌A company › @Minsu Kim  │ i write · k messages · ? help · Space more │  @37  DM 16 │ demo
