---
source: crates/slakio-tui/tests/avatar_flows.rs
expression: mask_hangul(&small.snap())
---
 ▌A company @9 ▾ │ Home @24  DMs @4  Activity @37  Files  Later
╭ Home ──────────────────╮╭ ▌#backend ─────────────────────────────────────────╮
│ ▾ Favorites            ││   Check a customer should maybe                    │
│▎  # backend            ││ Mia Jang · 06:35                                   │
│   # incidents       3  ││   Budget metrics merge design rollback alert alert │
│                        ││   should draft after alert on staging tomorrow     │
│ ▾ Ops                  ││ Tom Ko · 06:41                                     │
│   # deploys            ││   On waiting migration someone index can staging   │
│   # alerts             ││   should                                           │
│   # partner-shared ext ││ Kate Nam · 06:51                                   │
│   # hostile-strings    ││   Production roadmap customer build alert now      │
│   # big-history        ││   latency fine review latency roadmap broken       │
│   # long-threads       ││   should for                                       │
│                        ││ ＊＊＊ · 06:59                                     │
│ ▾ Channels             ││   Confirmed                                        │
│   # announcements      ││ Kate Nam · 07:05                                   │
│   # design-review      ││   Ticket review pager pager production on build    │
│   # feed-alert-134     ││   alert the on draft                               │
│   # feed-alert-8       ││ Sam Rivera · 07:14                                 │
│   # feed-budget-162    ││   Meeting moved to 3pm                             │
│   # feed-budget-33     │├─ Message #backend ─────────────────────────────────┤
│   # feed-build-50      ││ › Press i to write                                 │
╰────────────────────────╯╰────────────────────────────────────────────────────╯
 NORMAL  ▌A company › #backend          │ i write · ? help │  @37  DM 16 │ demo
