---
source: crates/slakio-tui/tests/keys_flows.rs
expression: s
---
 ▌A company ▾ · B @9 │ Home @24  DMs ●11  Activity @37  Files  Later
╭ ╭ Keys — List panel ───────────────────────────────────────────────────────╮─╮
│ │ / show d                                                                 │ │
│ │──────────────────────────────────────────────────────────────────────────│ │
│ │ ▾ Main screen                                                            │ │
│ │   Show DMs                                                       Space d │ │
│ │                                                                          │ │
│ │                                                                          │ │
│ │                                                                          │ │
│ │                                                                          │ │
│ │                                                                          │ │
│ │                                                                          │ │
│ │                                                                          │ │
│ │                                                                          │ │
│ │                                                                          │ │
│ │                                                                          │ │
│ │                                                                          │ │
│ │                                                                          │ │
│ │                                                                          │ │
│ │                                                                          │ │
│ │                                                                          │ │
│ ╰────────────────────────────── ↑↓ move · Enter run · / search · Esc close ╯ │
╰────────────────────────╯╰────────────────────────────────────────────────────╯
 NORMAL  ▌A company › Home                                               │ demo
