---
source: crates/slakio-tui/tests/keys_flows.rs
expression: s
---
╭──╮╭ Home ──────────────────╮╭────────────────────────────────────────────────╮
│▌╭ Keys — List panel ───────────────────────────────────────────────────────╮ │
│▌│ / show d                                                                 │ │
│─│──────────────────────────────────────────────────────────────────────────│ │
│H│ ▾ Main screen                                                            │ │
│D│   Show DMs                                                       Space d │ │
│A│                                                                          │ │
│F│                                                                          │ │
│L│                                                                          │ │
│ │                                                                          │ │
│ │                                                                          │ │
│ │                                                                          │ │
│ │                                                                          │ │
│ │                                                                          │ │
│ │                                                                          │ │
│ │                                                                          │ │
│ │                                                                          │ │
│ │                                                                          │ │
│ │                                                                          │ │
│ │                                                                          │ │
│ │                                                                          │ │
│ ╰────────────────────────────── ↑↓ move · Enter run · / search · Esc close ╯ │
╰──╯╰────────────────────────╯╰────────────────────────────────────────────────╯
 NORMAL  ▌A company › Home                                 │  @37  DM 16 │ demo
