---
source: crates/slakio-tui/tests/keys_flows.rs
expression: s
---
 ▌A company @9 ▾ │ Home @24  DMs @4  Activity @37  Files  Later
╭ ╭ Keys — List panel ───────────────────────────────────────────────────────╮─╮
│ │ / show d                                                                 │ │
│ │──────────────────────────────────────────────────────────────────────────│ │
│ │ ▾ Main screen                                                            │ │
│ │   Show DMs                                                       Space d │ │
│ │                                                                          │ │
│ │                                                                          │ │
│ │                                                                          │ │
│ │                                                                          │ │
│ │                                                                          │ │
│ │                                                                          │ │
│ │                                                                          │ │
│ │                                                                          │ │
│ │                                                                          │ │
│ │                                                                          │ │
│ │                                                                          │ │
│ │                                                                          │ │
│ │                                                                          │ │
│ │                                                                          │ │
│ │                                                                          │ │
│ ╰────────────────────────────── ↑↓ move · Enter run · / search · Esc close ╯ │
╰────────────────────────╯╰────────────────────────────────────────────────────╯
 NORMAL  ▌A company › Home                                 │  @37  DM 16 │ demo
