---
source: crates/slakio-tui/tests/keys_flows.rs
expression: s
---
╭ ▌A company ▾ · B @9 ───────╮╭────────────────────────────────────────────────────────────────────────────────────────╮
│▎Home                   @24 ││                                                                                        │
│ DMs                    ●11 ││                                                                                        │
│ Activity               @37 ││                                                                                        │
│ Files                      ││                                                                                        │
│ Later                      ││                                                                                        │
├─▾──────────────────────────┤│                                                                                        │
│ ▾ Favorites                ││                                                                                        │
│   # backend                ││                                                                                        │
│   # incidents           3  ││                                                                                        │
│                            ││                                                                                        │
│ ▾ Ops                      ││                                                                                        │
│   # deploys                ││                                                                                        │
│   # alerts                 ││                                                                                        │
│   # partner-shared ext     ││                                                                                        │
│   # hostile-strings        ││                         No conversation open                                           │
│   # big-history            ││                         Pick one in the list and press Enter.                          │
│   # long-threads           ││                                                                                        │
│                            ││                         Enter    Open                                                  │
│ ▾ Channels                 ││                         Space h  Home                                                  │
│   # announcements          ││                         Space d  DMs                                                   │
│   # design-review          ││                         Ctrl+O   Back to the last one                                  │
│   # feed-alert-134         ││                         ?        Keyboard help                                         │
│   # feed-alert-8           ││                         Ctrl+Q   Quit                                                  │
│   # feed-budget-162        ││                                                                                        │
│   # feed-budget-33         ││                                                                                        │
│   # feed-build-50          ││                                                                                        │
│   # feed-cache-119         ││                                                                                        │
│   # feed-customer-161      ││                                                                                        │
│   # feed-customer-167   1  ││                                                                                        │
│   # feed-dashboard-22      ││                                                                                        │
│   # feed-dashboard-41      ││                                                                                        │
│   # feed-design-34         ││                                                                                        │
│   # feed-design-83         ││                                                                                        │
│   # feed-draft-142         ││                                                                                        │
╭ Space w — Window ────────────────────────────────────────────────────────────────────────────────────────────────────╮
│ h  Move the focus left                 k  Move the focus up                   c  Close the pane, then its tab        │
│ j  Move the focus down                 l  Move the focus right                                                       │
╰───────────────────────────────────────────────────────────────────────────── Esc close · Backspace back · ? all keys ╯
 NORMAL  ▌A company › Home                                                                                       │ demo
