---
source: crates/slakio-tui/tests/keys_flows.rs
expression: s
---
╭ ▌A company ▾ · B @9 ───────╮╭────────────────────────────────────────────────────────────────────────────────────────╮
│▎Home    ╭ Keys — List panel ───────────────────────────────────────────────────────────────────────────────╮         │
│ DMs     │ / Type / to search                                                                               │         │
│ Activity│──────────────────────────────────────────────────────────────────────────────────────────────────│         │
│ Files   │ ▾ List panel                                                                                     │         │
│ Later   │   Next row                                                                              j / Down │         │
├─────────│   Previous row                                                                            k / Up │         │
│ ▾ Favori│   First row                                                                           g g / Home │         │
│   # back│   Last row                                                                               G / End │         │
│   # inci│   Half a page down                                                                        Ctrl+D │         │
│         │   Half a page up                                                                          Ctrl+U │         │
│ ▾ Ops   │   A page down                                                                           PageDown │         │
│   # depl│   A page up                                                                               PageUp │         │
│   # aler│   Open the conversation, or fold the section                                               Enter │         │
│   # part│   Open, staying in the list (or unfold)                                                l / Right │         │
│   # host│   To the section header, fold it, then the view switcher                                h / Left │         │
│   # big-│   Previous section                                                                             { │         │
│   # long│   Next section                                                                                 } │         │
│         │   Show the previous view                                                                       [ │         │
│ ▾ Channe│   Show the next view                                                                           ] │         │
│   # anno│   Open in a new tab (a message: its thread)                                                    t │         │
│   # desi│ ▾ Main screen                                                                                    │         │
│   # feed│   Next panel                                                                            Tab / F6 │         │
│   # feed│   Previous panel                                                            Shift+Tab / Shift+F6 │         │
│   # feed│   View switcher (in the list panel)                                             Ctrl+R / Space r │         │
│   # feed│   Move the focus left                                                         Ctrl+H / Space w h │         │
│   # feed│   Move the focus down                                                         Ctrl+J / Space w j │         │
│   # feed│   Move the focus up                                                           Ctrl+K / Space w k │         │
│   # feed│   Move the focus right                                                        Ctrl+L / Space w l │         │
│   # feed│   Close the pane, then its tab                                                         Space w c │         │
│   # feed│   Show Home                                                                              Space h │         │
│   # feed│   Show DMs                                                                               Space d │         │
│   # feed│   Show Activity                                                                          Space a │         │
│   # feed│   Show Files                                                                             Space f │         │
│   # feed│   Show Later                                                                             Space l │         │
│   # feed│   Show or hide the list panel                                                            Space e │         │
│   # feed│   Fold the view switcher to the view shown, or unfold it                                 Space v │         │
│   # feed╰────────────────────────────────────────────────────── ↑↓ move · Enter run · / search · Esc close ╯         │
╰────────────────────────────╯╰────────────────────────────────────────────────────────────────────────────────────────╯
 NORMAL  ▌A company › Home                                                                                       │ demo
