---
source: crates/slakio-tui/tests/keys_flows.rs
expression: s
---
 ▌A company @9 ▾ │ Home @24  DMs @4  Activity @37  Files  Later
╭ Home ──────────────────╮╭ ▌#backend ─────────────────────────────────────────╮
│ ▾ Favorites            ││ MJ Mia Jang · 06:35                                │
│▎  # backend            ││    Budget metrics merge design rollback alert      │
│   # incidents       3  ││    alert should draft after alert on staging       │
│                        ││    tomorrow                                        │
│ ▾ Ops                  ││ TK Tom Ko · 06:41                                  │
│   # deploys            ││    On waiting migration someone index can staging  │
│   # aler╭ Quit slakio? ────────────────────────────────────────────╮         │
│   # part│ A message you wrote has not been sent; quitting loses    │         │
│   # host│ it.                                                      │ now     │
│   # big-│                                                          │ken      │
│   # long│                    [ Stay ]   [ Quit ]                   │         │
│         ╰────────────────────────── y Quit · n Stay · Enter choose ╯         │
│ ▾ Channels             ││    Confirmed                                       │
│   # announcements      ││ KN Kate Nam · 07:05                                │
│   # design-review      ││    Ticket review pager pager production on build   │
│   # feed-alert-134     ││    alert the on draft                              │
│   # feed-alert-8       ││ SR Sam Rivera · 07:14                              │
│   # feed-budget-162    ││    Meeting moved to 3pm                            │
│   # feed-budget-33     │├─ Message #backend ─────────────────────────────────┤
│   # feed-build-50      ││ › half written                                     │
╰────────────────────────╯╰────────────────────────────────────────────────────╯
 NORMAL  ▌A company › #backend                             │  @37  DM 16 │ demo
