---
source: crates/slakio-tui/tests/keys_flows.rs
expression: s
---
╭──╮╭ Home ──────────────────╮╭ ▌#backend ─────────────────────────────────────╮
│▌A││ ▾ Favorites            ││   Check a customer should maybe                │
│▌B││▎  # backend            ││ Mia Jang · 06:35                               │
│──││   # incidents       3  ││   Budget metrics merge design rollback alert   │
│H ││                        ││   alert should draft after alert on staging    │
│D●││ ▾ Ops                  ││   tomorrow                                     │
│A●││   # deploys            ││ Tom Ko · 06:41                                 │
│F ││   # alerts             ││   On waiting migration someone index can       │
│L ││   # ╭ Quit slakio? ────────────────────────────────────────────╮         │
│  ││   # │ A message you wrote has not been sent; quitting loses    │         │
│  ││   # │ it.                                                      │ert now  │
│  ││   # │                                                          │broken   │
│  ││     │                    [ Stay ]   [ Quit ]                   │         │
│  ││ ▾ Ch╰────────────────────────── y Quit · n Stay · Enter choose ╯         │
│  ││   # announcements      ││   Confirmed                                    │
│  ││   # design-review      ││ Kate Nam · 07:05                               │
│  ││   # feed-alert-134     ││   Ticket review pager pager production on      │
│  ││   # feed-alert-8       ││   build alert the on draft                     │
│  ││   # feed-budget-162    ││ Alex Morgan · 07:14                            │
│  ││   # feed-budget-33     ││   Meeting moved to 3pm                         │
│  ││   # feed-build-50      │├─ Message #backend ─────────────────────────────┤
│  ││   # feed-cache-119     ││ › half written                                 │
╰──╯╰────────────────────────╯╰────────────────────────────────────────────────╯
 NORMAL  ▌A company › #backend                             │  @37  DM 16 │ demo
