---
source: crates/slakio-tui/tests/keys_flows.rs
expression: d.snap()
---
╭ ▌A company ▾ · B @9 ───────╮╭────────────────────────────────────────────────╮
│▎Home                   @24 ││                                                │
│ DMs                    ●11 ││                                                │
│ Activity               @37 ││                                                │
│ Files                      ││                                                │
│ Later                      ││                                                │
├─▾──────────────────────────┤│                                                │
│ ▾ Favorites                ││     No conversation open                       │
│   # backend                ││     Pick one in the list and press Enter.      │
│   # incidents           3  ││                                                │
╭ Space — Leader ──────────────────────────────────────────────────────────────╮
│ r    View switcher (in the list panel)                                       │
│ h    Show Home                                                               │
│ d    Show DMs                                                                │
│ a    Show Activity                                                           │
│ f    Show Files                                                              │
│ l    Show Later                                                              │
│ e    Show or hide the list panel                                             │
│ v    Fold the view switcher to the view shown, or unfold it                  │
│ W    Switch workspace                                                        │
│ [    Back to the conversation before                                         │
│ …                                                                            │
╰───────────────────────────────────── Esc close · Backspace back · ? all keys ╯
 NORMAL  ▌A company › Home                                               │ demo
