---
source: crates/slakio-tui/tests/keys_flows.rs
expression: s
---
╭──╮╭ Home ──────────────────╮╭────────────────────────────────────────────────────────────────────────────────────────╮
│▌A││ ▾ Favorites            ││                                                                                        │
│▌B││   # backend            ││                                                                                        │
│──││   # incidents       3  ││                                                                                        │
│H ││                        ││                                                                                        │
│D●││ ▾ Ops                  ││                                                                                        │
│A●││   # deploys            ││                                                                                        │
│F ││   # alerts             ││                                                                                        │
│L ││   # partner-shared ext ││                                                                                        │
│  ││   # hostile-strings    ││                                                                                        │
│  ││   # big-history        ││                                                                                        │
│  ││   # long-threads       ││                                                                                        │
│  ││                        ││                                                                                        │
│  ││ ▾ Channels             ││                                                                                        │
│  ││   # announcements      ││                                                                                        │
│  ││   # design-review      ││                         No conversation open                                           │
│  ││   # feed-alert-134     ││                         Pick one in the list and press Enter.                          │
│  ││   # feed-alert-8       ││                                                                                        │
│  ││   # feed-budget-162    ││                         Enter    Open                                                  │
│  ││   # feed-budget-33     ││                         Space h  Home                                                  │
│  ││   # feed-build-50      ││                         Space d  DMs                                                   │
│  ││   # feed-cache-119     ││                         Ctrl+O   Back to the last one                                  │
│  ││   # feed-customer-161  ││                         ?        Keyboard help                                         │
│  ││   # feed-customer…  1  ││                         Ctrl+Q   Quit                                                  │
│  ││   # feed-dashboard-22  ││                                                                                        │
│  ││   # feed-dashboard-41  ││                                                                                        │
│  ││   # feed-design-34     ││                                                                                        │
│  ││   # feed-design-83     ││                                                                                        │
│  ││   # feed-draft-142     ││                                                                                        │
│  ││   # feed-draft-58      ││                                                                                        │
│  ││   # feed-draft-84      ││                                                                                        │
│  ││   # feed-index-199  2  ││                                                                                        │
╭ Space — Leader ──────────────────────────────────────────────────────────────────────────────────────────────────────╮
│ r  Rail: workspaces and views          l  Show Later                          ?  Keyboard help                       │
│ h  Show Home                           e  Show or hide the list panel         /  Open the command line               │
│ d  Show DMs                            W  Switch workspace                    q  Quit                                │
│ a  Show Activity                       [  Back to the conversation before     w  +Window                             │
│ f  Show Files                          ]  Forward again                                                              │
╰───────────────────────────────────────────────────────────────────────────── Esc close · Backspace back · ? all keys ╯
 NORMAL  ▌A company › Home                                                                         │  @37  DM 16 │ demo
