---
source: crates/slakio-tui/tests/palette_flows.rs
expression: small.snap()
---
╭ ▌A company ▾ · B @9 ───────╮╭────────────────────────────────────────────────╮
│ Home @24  D●11  A@37  F  L ││                                                │
├────────────────────────────┤│                                                │
│ ▾ Favorites                ││                                                │
│   # back╭ Commands ────────────────────────────────────────────────╮         │
│   # inci│ : theme                                                  │         │
│         ├──────────────────────────────────────────────────────────┤         │
│ ▾ Ops   │  auto               Tokyo Night with 24-bit co…  current │         │
│   # depl│  terminal           Your terminal's own colors           │er.      │
│   # aler│  dark               Dark, truecolor                      │         │
│   # part│  light              Light, truecolor                     │         │
│   # host│  high-contrast      White on black with strong marks     │         │
│   # big-│  catppuccin         Catppuccin: Latte or Mocha, by the … │         │
│   # long│  catppuccin-latte   Catppuccin Latte (light)             │         │
│         │  catppuccin-mocha   Catppuccin Mocha (dark)              │         │
│ ▾ Channe│  tokyo-night        Tokyo Night: Day or Night, by the t… │         │
│   # anno│  tokyo-night-day    Tokyo Night Day (light)              │         │
│   # desi│  tokyo-night-night  Tokyo Night (dark)                   │         │
│   # feed│  gruvbox            Gruvbox: light or dark, by the term… │         │
│   # feed╰─────────────────── Tab/↑↓ select · Enter run · Esc close ╯         │
│   # feed-budget-162        ││                                                │
│   # feed-budget-33         ││                                                │
╰────────────────────────────╯╰────────────────────────────────────────────────╯
 COMMAND  ▌A company › Home                     │ Enter run · Esc cancel │ demo
