---
source: crates/slakio-tui/tests/palette_flows.rs
expression: d.snap()
---
 ▌A company @9 ▾ │ Home @24  DMs @4  Activity @37  Files  Later
╭ Home ──────────────────╮╭────────────────────────────────────────────────────╮
│ ▾ Favorites            ││                                                    │
│   # backend            ││                                                    │
│   # inci╭ Commands ────────────────────────────────────────────────╮         │
│         │ : dm                                                     │         │
│ ▾ Ops   ├──────────────────────────────────────────────────────────┤         │
│   # depl│  :dms  Show DMs                                  Space d │         │
│   # aler╰─────────────────── Tab/↑↓ select · Enter run · Esc close ╯.        │
│   # partner-shared ext ││                                                    │
│   # hostile-strings    ││       Enter    Open                                │
│   # big-history        ││       Space h  Home                                │
│   # long-threads       ││       Space d  DMs                                 │
│                        ││       Ctrl+O   Back to the last one                │
│ ▾ Channels             ││       ?        Keyboard help                       │
│   # announcements      ││       Ctrl+Q   Quit                                │
│   # design-review      ││                                                    │
│   # feed-alert-134     ││                                                    │
│   # feed-alert-8       ││                                                    │
│   # feed-budget-162    ││                                                    │
│   # feed-budget-33     ││                                                    │
│   # feed-build-50      ││                                                    │
╰────────────────────────╯╰────────────────────────────────────────────────────╯
 COMMAND  ▌A company › Home       │ Enter run · Esc cancel │  @37  DM 16 │ demo
