---
source: crates/slakio-tui/tests/palette_flows.rs
expression: d.snap()
---
╭ ▌A company ▾ · B @9 ───────╮╭────────────────────────────────────────────────╮
│▎Home                   @24 ││                                                │
│ DMs                    ●11 ││                                                │
│ Activity               @37 ││                                                │
│ Files   ╭ Commands ────────────────────────────────────────────────╮         │
│ Later   │ : dm                                                     │         │
├─▾───────├──────────────────────────────────────────────────────────┤         │
│ ▾ Favori│  :dms  Show DMs                                  Space d │         │
│   # back╰─────────────────── Tab/↑↓ select · Enter run · Esc close ╯er.      │
│   # incidents           3  ││                                                │
│                            ││     Enter    Open                              │
│ ▾ Ops                      ││     Space h  Home                              │
│   # deploys                ││     Space d  DMs                               │
│   # alerts                 ││     Ctrl+O   Back to the last one              │
│   # partner-shared ext     ││     ?        Keyboard help                     │
│   # hostile-strings        ││     Ctrl+Q   Quit                              │
│   # big-history            ││                                                │
│   # long-threads           ││                                                │
│                            ││                                                │
│ ▾ Channels                 ││                                                │
│   # announcements          ││                                                │
│   # design-review          ││                                                │
╰────────────────────────────╯╰────────────────────────────────────────────────╯
 COMMAND  ▌A company › Home                     │ Enter run · Esc cancel │ demo
