---
source: crates/slakio-tui/tests/pane_flows.rs
expression: mask_hangul(&d.screen())
---
╭ ▌A company ▾ · B @9 ───────╮╭ ▌#feed-ticket-104 ─────────────────────────────────────────────────────────────────────╮
│▎Home                   @24 ││                                                                                        │
│ DMs                    ●11 ││                                                                                        │
│ Activity               @37 ││                                                                                        │
│ Files                      ││ ───────────────────────────────────── 2026-01-05 ───────────────────────────────────── │
│ Later                      ││ ＊ ＊＊＊        Suspect the DB pool                                             09:28 │
├─▾──────────────────────────┤│                  ✅ 2                                                                  │
│ ▾ Favorites                ││                                                                                        │
│   # backend                ││ AR Amy Ryu       Queue the merge today rollback                                  10:34 │
│   # incidents           3  ││                  ⤷ 6 replies · last 10:40                                              │
│                            ││                                                                                        │
│ ▾ Ops                      ││ LJ Lily Jeon     Index a tomorrow build invoice still alert metrics on customer  11:03 │
│   # deploys                ││                  budget                                                                │
│   # alerts                 ││                                                                                        │
│   # partner-shared ext     ││ NH Noah Han      Looking into it                                                 12:05 │
│   # hostile-strings        ││                                                                                        │
│   # big-history            ││ ＊ ＊＊＊        Lunch budget waiting branch migration check schema              12:22 │
│   # long-threads           ││                  👍 2   🔥 5   ✅ 2                                                    │
│                            ││                                                                                        │
│ ▾ Channels                 ││ ＊ ＊＊＊        ＊＊ ＊＊＊?                                                    13:38 │
│   # announcements          ││                                                                                        │
│   # design-review          ││ CP Chris Park    Ticket done the now a still staging today build cache check     14:24 │
│   # feed-alert-134         ││                  invoice branch review now production                                  │
│   # feed-alert-8           ││                  ⤷ 5 replies · last 14:29                                              │
│   # feed-budget-162        ││                                                                                        │
│   # feed-budget-33         ││ JH Jiwon Han     Today now queue dashboard invoice still customer can tomorrow   14:54 │
│   # feed-build-50          ││                  invoice broken merge after should done                                │
│   # feed-cache-119         ││                                                                                        │
│   # feed-customer-161      ││ NH Noah Han      Timeout production broken production maybe customer for timeout 15:37 │
│   # feed-customer-167   1  ││                  invoice can check still                                               │
│   # feed-dashboard-22      ││                                                                                        │
│   # feed-dashboard-41      ││ OH Owen Hwang    Cache sprint design looks release migration roadmap pager       16:30 │
│   # feed-design-34         ││                  rollback fine                                                         │
│   # feed-design-83         ││                                                                                        │
│   # feed-draft-142         ││ TK Taylor Kim    Should is fine someone                                          16:42 │
│   # feed-draft-58          ││                                                                                        │
│   # feed-draft-84          ││ ＊ ＊＊＊        Deploy queue sprint                                             17:21 │
│   # feed-index-199      2  ││                                                                                        │
│   # feed-index-39          ││ EB Eve Bae       Timeout can retry                                               18:48 │
│   # feed-index-5        1  ││                                                                                        │
│   # feed-invoice-16        ││ DY Dana Yoon     Design lunch ticket now dashboard draft looks                   19:22 │
│   # feed-invoice-168       ││                                                                                        │
│   # feed-latency-144       ││ OH Owen Hwang    Merge queue cache we                                            20:02 │
│   # feed-meeting-82        ││                  👍 2   ✅ 4                                                           │
│   # feed-merge-192         ││                                                                                        │
│   # feed-merge-54          ││ AR Amy Ryu       Retry production branch again alert staging looks pager ticket  20:46 │
│   # feed-metrics-125       ││                  👀 3                                                                  │
│   # feed-metrics-13        ││                                                                                        │
│   # feed-metrics-18        ││ MK Minsu Kim     Is is latency rollback budget schema queue should again         21:29 │
│   # feed-production-111    ││                                                                                        │
│   # feed-production-44     ││ RC Robin Choi    Can index meeting now meeting tracing a pager should            21:56 │
│   # feed-queue-224         ││                                                                                        │
│   # feed-retry-63          ││ H  Hana          see https://docs.example.com/runbooks/latency (edited)          22:58 │
│   # feed-review-152        ││                                                                                        │
│   # feed-sprint-90         ││ ZL Zoe Lim       The waiting meeting sprint waiting for schema still rollback    23:55 │
│   # feed-sprint-94         ││                  meeting check release                                                 │
│   # feed-staging-91        │├─ Message #feed-ticket-104 ─────────────────────────────────────────────────────────────┤
│▎  # feed-ticket-104        ││ › Press i to write                                                                     │
╰────────────────────────────╯╰────────────────────────────────────────────────────────────────────────────────────────╯
 NORMAL  ▌A company › #feed-ticket-104   │ Enter thread · t new tab · V select · i write · Esc deselect · ? help │ demo
