---
source: crates/slakio-tui/tests/pane_flows.rs
expression: mask_hangul(&d.screen())
---
╭ ▌A company ▾ · B @9 ───────╮╭ ▌#deploys ─────────────────────────────────────╮
│▎Home                   @24 ││ ───────────────── 2026-01-05 ───────────────── │
│ DMs                    ●11 ││ KN  Kate Nam  10:21                            │
│ Activity               @37 ││     Staging customer again cache maybe waiting │
│ Files                      ││     timeout draft after                        │
│ Later                      ││     ⤷ 9 replies · last 10:30                   │
├────────────────────────────┤│                                                │
│ ▾ Favorites                ││ MB  Max Baek  10:26                            │
│   # backend                ││     Broken done dashboard broken review pager  │
│   # incidents           3  ││     🎉 5   🙏 3                                │
│                            ││                                                │
│ ▾ Ops                      ││ ＊  ＊＊＊  11:32                              │
│▎  # deploys                ││     The is latency looks staging meeting build │
│   # alerts                 ││     migration                                  │
│   # partner-shared ext     ││                                                │
│   # hostile-strings        ││ MJ  Mia Jang  12:03                            │
│   # big-history            ││     Done draft cache now index we for pager    │
│   # long-threads           ││     latency tracing draft roadmap              │
│                            ││     ✅ 5   👍 3   🔥 2                         │
│ ▾ Channels                 ││                                                │
│   # announcements          │├─ Message #deploys ─────────────────────────────┤
│   # design-review          ││ › Press i to write                             │
╰────────────────────────────╯╰────────────────────────────────────────────────╯
 NORMAL  ▌A company › #deploys       │ Enter thread · t new tab · ? help │ demo
