---
source: crates/slakio-tui/tests/pane_flows.rs
expression: mask_hangul(&s)
---
 ▌A company ▾ · B @9 │ Home @24  DMs ●11  Activity @37  Files  Later
╭ ▌#long-threads ────────────────────────────╮╭ ▌⤷ Thread · #long-threads ─────╮
│ ─────────────── 2026-01-06 ─────────────── ││     deploy review maybe is     │
│▎JL  Jiyoung Lee  07:23                     ││     build tracing latency      │
│▎    We waiting waiting now index a the a   ││                                │
│▎    the release                            ││ MB  Max Baek  03:21            │
│▎    ⤷ 1,200 replies · last 03:23           ││     Latency timeout should for │
│                                            ││     invoice on index roadmap a │
│ DC  Dan Cho  07:30                         ││     budget tracing is queue    │
│     Still index lunch index                ││     index ticket               │
│     ⤷ 6 replies · last 07:36               ││                                │
│                                            ││ IM  Ivy Moon  03:22            │
│ OH  Owen Hwang  07:37                      ││     Draft broken can looks     │
│     Queue a after cache invoice on         ││     staging done tracing now   │
│     customer metrics on maybe sprint       ││     lunch meeting invoice      │
│     ⤷ 12 replies · last 07:49              ││     migration done customer    │
│                                            ││     please                     │
│ LJ  Lily Jeon  07:41                       ││                                │
│     Confirmed                              ││ EB  Eve Bae  03:23             │
│                                            ││     ＊＊＊＊＊                 │
├─ Message #long-threads ────────────────────┤├─ Reply ────────────────────────┤
│ › Press i to write                         ││ › Press i to reply             │
╰────────────────────────────────────────────╯╰────────────────────────────────╯
 NORMAL  ▌A company › #long-threads › ⤷ Thread        │ i reply · ? help │ demo
