---
source: crates/slakio-tui/tests/pane_flows.rs
expression: mask_hangul(&d.screen())
---
 ▌A company ▾ · B @9 │ Home @24  DMs ●11  Activity @37  Files  Later
╭ Home ──────────────────╮╭ ▌#deploys ─────────────────────────────────────────╮
│ ▾ Favorites            ││ ─────────────────── 2026-01-05 ─────────────────── │
│   # backend            ││ KN  Kate Nam  10:21                                │
│   # incidents       3  ││     Staging customer again cache maybe waiting     │
│                        ││     timeout draft after                            │
│ ▾ Ops                  ││     ⤷ 9 replies · last 10:30                       │
│▎  # deploys            ││                                                    │
│   # alerts             ││ MB  Max Baek  10:26                                │
│   # partner-shared ext ││     Broken done dashboard broken review pager      │
│   # hostile-strings    ││      🎉 5   🙏 3                                   │
│   # big-history        ││                                                    │
│   # long-threads       ││ ＊  ＊＊＊  11:32                                  │
│                        ││     The is latency looks staging meeting build     │
│ ▾ Channels             ││     migration                                      │
│   # announcements      ││                                                    │
│   # design-review      ││ MJ  Mia Jang  12:03                                │
│   # feed-alert-134     ││     Done draft cache now index we for pager        │
│   # feed-alert-8       ││     latency tracing draft roadmap                  │
│   # feed-budget-162    ││      ✅ 5   👍 3   🔥 2                            │
│   # feed-budget-33     │├─ Message #deploys ─────────────────────────────────┤
│   # feed-build-50      ││ › Press i to write                                 │
╰────────────────────────╯╰────────────────────────────────────────────────────╯
 NORMAL  ▌A company › #deploys       │ Enter thread · t new tab · ? help │ demo
