---
source: crates/slakio-tui/tests/pane_flows.rs
expression: mask_hangul(&s)
---
╭ ▌A company ▾ · B @9 ─────────────╮╭ ▌#long-threads ──────────────────────────────────────────────────────────────────────────────────────╮╭ ▌⤷ Thread · #long-threads ───────────────────────────────╮
│▎Home                         @24 ││ ──────────────────────────────────────────── 2026-01-06 ──────────────────────────────────────────── ││  TK   Taylor Kim  03:11                                  │
│ DMs                          ●11 ││▎ JL   Jiyoung Lee  07:23                                                                             ││       Staging latency merge timeout                      │
│ Activity                     @37 ││▎      We waiting waiting now index a the a the release                                               ││                                                          │
│ Files                            ││▎      ⤷ 1,200 replies · last 03:23                                                                   ││  MK   Minsu Kim  03:12                                   │
│ Later                            ││                                                                                                      ││       Build rollback done broken merge                   │
├─▾────────────────────────────────┤│  DC   Dan Cho  07:30                                                                                 ││                                                          │
│ ▾ Favorites                      ││       Still index lunch index                                                                        ││  NS   Nina Seo  03:13                                    │
│   # backend                      ││       ⤷ 6 replies · last 07:36                                                                       ││       Latency today design draft metrics done build      │
│   # incidents                 3  ││                                                                                                      ││       build                                              │
│                                  ││  OH   Owen Hwang  07:37                                                                              ││                                                          │
│ ▾ Ops                            ││       Queue a after cache invoice on customer metrics on maybe sprint                                ││  DC   Dan Cho  03:14                                     │
│   # deploys                      ││       ⤷ 12 replies · last 07:49                                                                      ││       Starting deploy                                    │
│   # alerts                       ││                                                                                                      ││                                                          │
│   # partner-shared ext           ││  LJ   Lily Jeon  07:41                                                                               ││  ＊   ＊＊＊  03:15                                      │
│   # hostile-strings              ││       Confirmed                                                                                      ││       Rolling back                                       │
│   # big-history                  ││                                                                                                      ││                                                          │
│▎  # long-threads                 ││  LJ   Lily Jeon  07:54                                                                               ││  SR   Sam Rivera  03:16                                  │
│                                  ││       see https://docs.example.com/runbooks/latency                                                  ││       Suspect the DB pool                                │
│ ▾ Channels                       ││                                                                                                      ││                                                          │
│   # announcements                ││  OH   Owen Hwang  08:00                                                                              ││  MJ   Mia Jang  03:17                                    │
│   # design-review                ││       Migration branch index queue should                                                            ││       Staging fine invoice release merge                 │
│   # feed-alert-134               ││                                                                                                      ││                                                          │
│   # feed-alert-8                 ││  DY   Dana Yoon  08:05                                                                               ││  JH   Jiwon Han  03:18                                   │
│   # feed-budget-162              ││       Tracing on we pager please looks budget waiting merge budget queue still branch metrics        ││       Budget should timeout timeout after tomorrow       │
│   # feed-budget-33               ││       customer invoice                                                                               ││       budget meeting someone production release          │
│   # feed-build-50                ││                                                                                                      ││                                                          │
│   # feed-cache-119               ││  TK   Tom Ko  08:13                                                                                  ││  TK   Tom Ko  03:19                                      │
│   # feed-customer-161            ││       ＊＊ ＊＊＊＊＊＊                                                                              ││       Draft draft is is customer can retry dashboard     │
│   # feed-customer-167         1  ││                                                                                                      ││                                                          │
│   # feed-dashboard-22            ││  MK   Minsu Kim  08:21                                                                               ││  NS   Nina Seo  03:20                                    │
│   # feed-dashboard-41            ││       Review lunch lunch design schema merge design build the looks                                  ││       After ticket customer timeout queue again timeout  │
│   # feed-design-34               ││                                                                                                      ││       check sprint deploy review maybe is build tracing  │
│   # feed-design-83               ││  SR   Sam Rivera  08:33                                                                              ││       latency                                            │
│   # feed-draft-142               ││       Tracing timeout index merge now deploy queue done retry meeting can pager pager (edited)       ││                                                          │
│   # feed-draft-58                ││                                                                                                      ││  MB   Max Baek  03:21                                    │
│   # feed-draft-84                ││  H    Hana  08:35                                                                                    ││       Latency timeout should for invoice on index        │
│   # feed-index-199            2  ││       For cache timeout ticket migration pager rollback branch tracing after a done on tomorrow      ││       roadmap a budget tracing is queue index ticket     │
│   # feed-index-39                ││       broken schema                                                                                  ││                                                          │
│   # feed-index-5              1  ││       ⤷ 1 reply · last 08:36                                                                         ││  IM   Ivy Moon  03:22                                    │
│   # feed-invoice-16              ││       👍 3                                                                                           ││       Draft broken can looks staging done tracing now    │
│   # feed-invoice-168             ││                                                                                                      ││       lunch meeting invoice migration done customer      │
│   # feed-latency-144             ││  RO   Ryan Oh  08:44                                                                                 ││       please                                             │
│   # feed-meeting-82              ││       Fine the we timeout index sprint someone deploy someone looks review branch the pager still    ││                                                          │
│   # feed-merge-192               ││       index                                                                                          ││  EB   Eve Bae  03:23                                     │
│   # feed-merge-54                ││                                                                                                      ││       ＊＊＊＊＊                                         │
│   # feed-metrics-125             │├─ Message #long-threads ──────────────────────────────────────────────────────────────────────────────┤├─ Reply ──────────────────────────────────────────────────┤
│   # feed-metrics-13              ││ › Press i to write                                                                                   ││ › Press i to reply                                       │
╰──────────────────────────────────╯╰──────────────────────────────────────────────────────────────────────────────────────────────────────╯╰──────────────────────────────────────────────────────────╯
 NORMAL  ▌A company › #long-threads › ⤷ Thread                                                                                         │ i reply · k messages · Esc main · Ctrl+W close · ? help │ demo
