---
source: crates/slakio-tui/tests/pane_flows.rs
expression: mask_hangul(&s)
---
╭ ▌A company ▾ · B @9 ───────╮╭ ▌#backend ─────────────────────────────────────────────────────────────────────────────╮
│▎Home                   @24 ││  JH   Jiwon Han  05:58                                                                 │
│ DMs                    ●11 ││       Rolling back                                                                     │
│ Activity               @37 ││                                                                                        │
│ Files                      ││  HJ   Hyunwoo Jung  06:05                                                              │
│ Later                      ││       Schema production after invoice cache is should                                  │
├─▾──────────────────────────┤│                                                                                        │
│ ▾ Favorites                ││  KN   Kate Nam  06:13                                                                  │
│▎  # backend                ││       Suspect the DB pool 🎉                                                           │
│   # incidents           3  ││                                                                                        │
│                            ││  LJ   Lily Jeon  06:19                                                                 │
│ ▾ Ops                      ││       Dashboard schema budget draft please is now waiting fine a lunch production      │
│   # deploys                ││       someone cache release done                                                       │
│   # alerts                 ││                                                                                        │
│   # partner-shared ext     ││  KN   Kate Nam  06:26                                                                  │
│   # hostile-strings        ││       Check a customer should maybe                                                    │
│   # big-history            ││                                                                                        │
│   # long-threads           ││  MJ   Mia Jang  06:35                                                                  │
│                            ││       Budget metrics merge design rollback alert alert should draft after alert on     │
│ ▾ Channels                 ││       staging tomorrow                                                                 │
│   # announcements          ││                                                                                        │
│   # design-review          ││  TK   Tom Ko  06:41                                                                    │
│   # feed-alert-134         ││       On waiting migration someone index can staging should                            │
│   # feed-alert-8           ││                                                                                        │
│   # feed-budget-162        ││  KN   Kate Nam  06:51                                                                  │
│   # feed-budget-33         ││       Production roadmap customer build alert now latency fine review latency roadmap  │
│   # feed-build-50          ││       broken should for                                                                │
│   # feed-cache-119         ││                                                                                        │
│   # feed-customer-161      ││  ＊   ＊＊＊  06:59                                                                    │
│   # feed-customer-167   1  ││       Confirmed                                                                        │
│   # feed-dashboard-22      ││                                                                                        │
│   # feed-dashboard-41      ││  KN   Kate Nam  07:05                                                                  │
│   # feed-design-34         ││       Ticket review pager pager production on build alert the on draft                 │
│   # feed-design-83         ││                                                                                        │
│   # feed-draft-142         ││  SR   Sam Rivera  07:14                                                                │
│   # feed-draft-58          ││       Meeting moved to 3pm                                                             │
│   # feed-draft-84          │├─ Message #backend ─────────────────────────────────────────────────────────────────────┤
│   # feed-index-199      2  ││ › Press i to write                                                                     │
╰────────────────────────────╯╰────────────────────────────────────────────────────────────────────────────────────────╯
 NORMAL  ▌A company › #backend            │ i write · k messages · Esc list · Ctrl+R views · ? help · Space more │ demo
