---
source: crates/slakio-tui/tests/pane_flows.rs
expression: mask_hangul(&d.screen())
---
 ▌A company ▾ · B @9 │ Home @24  DMs ●11  Activity @37  Files  Later
╭ Home ──────────────────╮╭ ▌#feed-ticket-104 ─────────────────────────────────────────────────────────────────────────╮
│   # feed-alert-134     ││                                                                                            │
│   # feed-alert-8       ││ ─────────────────────────────────────── 2026-01-05 ─────────────────────────────────────── │
│   # feed-budget-162    ││ ＊ ＊＊＊        Suspect the DB pool                                                 09:28 │
│   # feed-budget-33     ││                  :white_check_mark: 2                                                      │
│   # feed-build-50      ││ AR Amy Ryu       Queue the merge today rollback                                      10:34 │
│   # feed-cache-119     ││                  ⤷ 6 replies · last 10:40                                                  │
│   # feed-customer-161  ││ LJ Lily Jeon     Index a tomorrow build invoice still alert metrics on customer      11:03 │
│   # feed-customer…  1  ││                  budget                                                                    │
│   # feed-dashboard-22  ││ NH Noah Han      Looking into it                                                     12:05 │
│   # feed-dashboard-41  ││ ＊ ＊＊＊        Lunch budget waiting branch migration check schema                  12:22 │
│   # feed-design-34     ││                  :+1: 2  :fire: 5  :white_check_mark: 2                                    │
│   # feed-design-83     ││ ＊ ＊＊＊        ＊＊ ＊＊＊?                                                        13:38 │
│   # feed-draft-142     ││ CP Chris Park    Ticket done the now a still staging today build cache check invoice 14:24 │
│   # feed-draft-58      ││                  branch review now production                                              │
│   # feed-draft-84      ││                  ⤷ 5 replies · last 14:29                                                  │
│   # feed-index-199  2  ││ JH Jiwon Han     Today now queue dashboard invoice still customer can tomorrow       14:54 │
│   # feed-index-39      ││                  invoice broken merge after should done                                    │
│   # feed-index-5    1  ││ NH Noah Han      Timeout production broken production maybe customer for timeout     15:37 │
│   # feed-invoice-16    ││                  invoice can check still                                                   │
│   # feed-invoice-168   ││ OH Owen Hwang    Cache sprint design looks release migration roadmap pager rollback  16:30 │
│   # feed-latency-144   ││                  fine                                                                      │
│   # feed-meeting-82    ││ TK Taylor Kim    Should is fine someone                                              16:42 │
│   # feed-merge-192     ││ ＊ ＊＊＊        Deploy queue sprint                                                 17:21 │
│   # feed-merge-54      ││ EB Eve Bae       Timeout can retry                                                   18:48 │
│   # feed-metrics-125   ││ DY Dana Yoon     Design lunch ticket now dashboard draft looks                       19:22 │
│   # feed-metrics-13    ││ OH Owen Hwang    Merge queue cache we                                                20:02 │
│   # feed-metrics-18    ││                  :+1: 2  :white_check_mark: 4                                              │
│   # feed-production-1… ││ AR Amy Ryu       Retry production branch again alert staging looks pager ticket      20:46 │
│   # feed-production-44 ││                  :eyes: 3                                                                  │
│   # feed-queue-224     ││ MK Minsu Kim     Is is latency rollback budget schema queue should again             21:29 │
│   # feed-retry-63      ││ RC Robin Choi    Can index meeting now meeting tracing a pager should                21:56 │
│   # feed-review-152    ││ H  Hana          see https://docs.example.com/runbooks/latency (edited)              22:58 │
│   # feed-sprint-90     ││ ZL Zoe Lim       The waiting meeting sprint waiting for schema still rollback        23:55 │
│   # feed-sprint-94     ││                  meeting check release                                                     │
│   # feed-staging-91    │├─ Message #feed-ticket-104 ─────────────────────────────────────────────────────────────────┤
│▎  # feed-ticket-104    ││ › Press i to write                                                                         │
╰────────────────────────╯╰────────────────────────────────────────────────────────────────────────────────────────────╯
 NORMAL  ▌A company › #feed-ticket-104   │ Enter thread · t new tab · V select · i write · Esc deselect · ? help │ demo
