---
source: crates/slakio-tui/tests/pane_flows.rs
expression: mask_hangul(&s)
---
╭──╮╭ Home ────────────────────────╮╭ ▌#long-threads ─────────────────────────────────────────────────────────────────────────────────╮╭ ▌⤷ Thread · #long-threads ────────────────────────────────────╮
│▌A││▾ Favorites                   ││────────────────────────────────────────── 2026-01-06 ────────────────────────────────────────── ││              again                                            │
│▌B││ # backend                    ││Minsu         We waiting waiting now index a the a the release                              07:23││Dan Cho       ＊＊ ＊＊＊?                                03:01│
│──││ # incidents                3 ││              ⤷ 1,200 replies · last 03:23                                                       ││Jordan Lee    Index latency is metrics looks release      03:02│
│H ││▾ Ops                         ││Dan Cho       Still index lunch index                                                       07:30││              staging queue on broken lunch production         │
│D●││ # deploys                    ││              ⤷ 6 replies · last 07:36                                                           ││              index timeout draft latency                      │
│A●││ # alerts                     ││Owen Hwang    Queue a after cache invoice on customer metrics on maybe sprint               07:37││Sam Rivera    Someone still tracing a after someone       03:03│
│F ││ # partner-shared ⇄           ││              ⤷ 12 replies · last 07:49                                                          ││              branch pager                                     │
│L ││ # hostile-strings          ● ││Lily Jeon     Confirmed                                                                     07:41││Amy Ryu       ```                                         03:04│
│  ││ # big-history                ││Lily Jeon     see https://docs.example.com/runbooks/latency                                 07:54││              SELECT count(*) FROM jobs WHERE state = '        │
│  ││ # long-threads               ││Owen Hwang    Migration branch index queue should                                           08:00││              stuck';                                          │
│  ││▾ Channels                    ││＊＊＊        Tracing on we pager please looks budget waiting merge budget queue still      08:05││              ```                                              │
│  ││ # announcements              ││              branch metrics customer invoice                                                    ││Kate Nam      ＊＊ ＊＊＊?                                03:05│
│  ││ # design-review              ││Tom Ko        ＊＊ ＊＊＊＊＊＊                                                             08:13││Taylor Kim    Again roadmap lunch                         03:06│
│  ││ # feed-alert-134             ││Kim           Review lunch lunch design schema merge design build the looks                 08:21││Hyunwoo       PR is up                                    03:07│
│  ││ # feed-alert-8               ││Alex Morgan   Tracing timeout index merge now deploy queue done retry meeting can pager     08:33││Leo Kang      Latency release looks tomorrow customer     03:08│
│  ││ # feed-budget-162            ││              pager (edited)                                                                     ││              looks cache broken draft for                     │
│  ││ # feed-budget-33             ││Hyunwoo       For cache timeout ticket migration pager rollback branch tracing after a done 08:35││Lee           Design roadmap someone latency deploy check 03:09│
│  ││ # feed-build-50              ││              on tomorrow broken schema                                                          ││              someone draft merge production roadmap           │
│  ││ # feed-cache-119             ││              ⤷ 1 reply · last 08:36                                                             ││              schema maybe should looks invoice                │
│  ││ # feed-customer-161          ││              :+1: 3                                                                             ││Ryan Oh       Fine schema can looks design review the     03:10│
│  ││ # feed-customer-167        1 ││Ryan Oh       Fine the we timeout index sprint someone deploy someone looks review branch   08:44││              draft                                            │
│  ││ # feed-dashboard-22          ││              the pager still index                                                              ││Jordan Lee    Staging latency merge timeout               03:11│
│  ││ # feed-dashboard-41          ││Sam Rivera    Schema after meeting deploy ticket release ticket budget                      08:55││Kim           Build rollback done broken merge            03:12│
│  ││ # feed-design-34             ││Taylor Kim    Thanks!                                                                       09:03││Nina Seo      Latency today design draft metrics done     03:13│
│  ││ # feed-design-83             ││Seoyeon       A meeting latency branch staging schema we retry tracing                      09:05││              build build                                      │
│  ││ # feed-draft-142             ││Hyunwoo       Queue pager build                                                             09:16││Dan Cho       Starting deploy                             03:14│
│  ││ # feed-draft-58            ● ││＊＊＊        Confirmed                                                                     09:27││Chris Park    Rolling back                                03:15│
│  ││ # feed-draft-84              ││Seoyeon       We waiting customer merge build after now the invoice (edited)                09:30││Alex Morgan   Suspect the DB pool                         03:16│
│  ││ # feed-index-199           2 ││              :white_check_mark: 1                                                               ││Mia Jang      Staging fine invoice release merge          03:17│
│  ││ # feed-index-39              ││＊＊＊        Alert review alert cache tomorrow lunch budget should (edited)                09:35││＊＊＊        Budget should timeout timeout after         03:18│
│  ││ # feed-index-5             1 ││              :fire: 5  :pray: 3  :eyes: 2                                                       ││              tomorrow budget meeting someone production       │
│  ││ # feed-invoice-16          ● ││Ivy Moon      Queue roadmap looks timeout                                                   09:48││              release                                          │
│  ││ # feed-invoice-168           ││Leo Kang      Ticket cache tomorrow build someone latency the please branch schema we now   09:57││Tom Ko        Draft draft is is customer can retry        03:19│
│  ││ # feed-latency-144           ││              can                                                                                ││              dashboard                                        │
│  ││ # feed-meeting-82            ││Hyunwoo       Looking into it                                                               09:59││Nina Seo      After ticket customer timeout queue again   03:20│
│  ││ # feed-merge-192             ││Ethan Song    After the should ticket customer retry for latency alert metrics staging      10:12││              timeout check sprint deploy review maybe is      │
│  ││ # feed-merge-54              ││              again queue                                                                        ││              build tracing latency                            │
│  ││ # feed-metrics-125           ││Nina Seo      Cache draft merge merge sprint fine please roadmap now migration customer     10:16││Max Baek      Latency timeout should for invoice on index 03:21│
│  ││ # feed-metrics-13            ││              maybe looks meeting                                                                ││              roadmap a budget tracing is queue index          │
│  ││ # feed-metrics-18            ││Nina Seo      Meeting schema we tomorrow now ticket sprint after budget meeting             10:22││              ticket                                           │
│  ││ # feed-production-111      ● ││＊＊＊        A timeout roadmap sprint tracing ticket tomorrow staging staging              10:32││Ivy Moon      Draft broken can looks staging done tracing 03:22│
│  ││ # feed-production-44         ││              :white_check_mark: 1  :eyes: 4                                                     ││              now lunch meeting invoice migration done         │
│  ││ # feed-queue-224             ││＊＊＊        Rollback ticket metrics meeting looks deploy merge release again metrics      10:40││              customer please                                  │
│  ││ # feed-retry-63              ││              index build staging is (edited)                                                    ││Eve Bae       ＊＊＊＊＊                                  03:23│
│  ││ # feed-review-152            ││╭ Message #long-threads ────────────────────────────────────────────────────────────────────────╮││╭ Reply ──────────────────────────────────────────────────────╮│
│  ││ # feed-sprint-90             │││Press i to write                                                                               ││││Press i to write                                             ││
│  ││ # feed-sprint-94             ││╰───────────────────────────────────────────────────────────────────────────────────────────────╯││╰─────────────────────────────────────────────────────────────╯│
╰──╯╰──────────────────────────────╯╰─────────────────────────────────────────────────────────────────────────────────────────────────╯╰───────────────────────────────────────────────────────────────╯
 NORMAL  ▌A company  #long-threads › ⤷ Thread                                                                                                                                          @37  DM 16  demo
