---
source: crates/slakio-tui/tests/pane_flows.rs
expression: mask_hangul(&s)
---
╭──╮╭ Home ────────────────╮╭ ▌#backend ───────────────────────────────────────────────────────────────────────────────╮
│▌A││▾ Favorites           ││              ⤷ 8 replies · last 04:16                                                    │
│▌B││ # backend            ││＊＊＊        Ok, monitoring                                                         04:17│
│──││ # incidents        3 ││Ava Shin      On budget still the tracing design roadmap                             04:23│
│H ││▾ Ops                 ││Mia Jang      Sprint fine timeout for merge for check rollback budget alert after    04:31│
│D●││ # deploys            ││              pager review ticket retry                                                   │
│A●││ # alerts             ││Eve Bae       On review maybe check today still is now maybe ticket                  04:39│
│F ││ # partner-shared ⇄   ││Alex Morgan   Suspect the DB pool                                                    04:43│
│L ││ # hostile-strings  ● ││              ⤷ 10 replies · last 04:53                                                   │
│  ││ # big-history        ││Jiwon         Production tomorrow design                                             04:49│
│  ││ # long-threads       ││Kate Nam      Index roadmap is draft merge today done queue design fine tracing      04:59│
│  ││▾ Channels            ││Max Baek      Looking into it                                                        05:02│
│  ││ # announcements      ││Seoyeon       Alert timeout deploy latency looks should broken should production     05:12│
│  ││ # design-review      ││              staging after timeout after alert roadmap                                   │
│  ││ # feed-alert-134     ││Owen Hwang    Again fine is branch customer draft on budget build                    05:19│
│  ││ # feed-alert-8       ││Lily Jeon     Design index broken can lunch looks can today                          05:24│
│  ││ # feed-budget-162    ││Chris Park    PR is up                                                               05:31│
│  ││ # feed-budget-33     ││Kim           For staging latency tomorrow index after staging                       05:43│
│  ││ # feed-build-50      ││＊＊＊        see https://docs.example.com/runbooks/latency                          05:48│
│  ││ # feed-cache-119     ││Park          Meeting for staging please someone someone on maybe timeout retry a we 05:51│
│  ││ # feed-customer-161  ││              design can sprint production                                                │
│  ││ # feed-customer-16 1 ││＊＊＊        Rolling back                                                           05:58│
│  ││ # feed-dashboard-22  ││＊＊＊        Schema production after invoice cache is should                        06:05│
│  ││ # feed-dashboard-41  ││Kate Nam      Suspect the DB pool 🎉                                                 06:13│
│  ││ # feed-design-34     ││Lily Jeon     Dashboard schema budget draft please is now waiting fine a lunch       06:19│
│  ││ # feed-design-83     ││              production someone cache release done                                       │
│  ││ # feed-draft-142     ││Kate Nam      Check a customer should maybe                                          06:26│
│  ││ # feed-draft-58    ● ││Mia Jang      Budget metrics merge design rollback alert alert should draft after    06:35│
│  ││ # feed-draft-84      ││              alert on staging tomorrow                                                   │
│  ││ # feed-index-199   2 ││Tom Ko        On waiting migration someone index can staging should                  06:41│
│  ││ # feed-index-39      ││Kate Nam      Production roadmap customer build alert now latency fine review        06:51│
│  ││ # feed-index-5     1 ││              latency roadmap broken should for                                           │
│  ││ # feed-invoice-16  ● ││Chris Park    Confirmed                                                              06:59│
│  ││ # feed-invoice-168   ││Kate Nam      Ticket review pager pager production on build alert the on draft       07:05│
│  ││ # feed-latency-144   ││Alex Morgan   Meeting moved to 3pm                                                   07:14│
│  ││ # feed-meeting-82    ││╭ Message #backend ──────────────────────────────────────────────────────────────────────╮│
│  ││ # feed-merge-192     │││Press i to write                                                                        ││
│  ││ # feed-merge-54      ││╰────────────────────────────────────────────────────────────────────────────────────────╯│
╰──╯╰──────────────────────╯╰──────────────────────────────────────────────────────────────────────────────────────────╯
 NORMAL  ▌A company  #backend                                                                          @37  DM 16  demo
