---
source: crates/slakio-tui/tests/shell_flows.rs
expression: mask_hangul(&s)
---
╭───────────────────╮────────╮╭────────────────────────────────────────────────────────────────────────────────────────╮
│▌A company     28  │        ││                                                                                        │
│▌B side         9  │        ││                                                                                        │
│───────────────────│     3  ││                                                                                        │
│▎H  Home           │        ││                                                                                        │
│ D  DMs        16  │        ││                                                                                        │
│ A  Activity   37  │        ││                                                                                        │
│ F  Files          │        ││                                                                                        │
│ L  Later          │red ext ││                                                                                        │
│                   │ings    ││                                                                                        │
│                   │        ││                                                                                        │
│                   │s       ││                                                                                        │
│                   │        ││                                                                                        │
│                   │        ││                                                                                        │
│                   │ts      ││                                                                                        │
│                   │ew      ││                         No conversation open                                           │
│                   │134     ││                         Pick one in the list and press Enter.                          │
│                   │8       ││                                                                                        │
│                   │-162    ││                         Enter    Open                                                  │
│                   │-33     ││                         Space h  Home                                                  │
│                   │50      ││                         Space d  DMs                                                   │
│                   │119     ││                         Ctrl+O   Back to the last one                                  │
│                   │er-161  ││                         ?        Keyboard help                                         │
│                   │er…  1  ││                         Ctrl+Q   Quit                                                  │
│                   │ard-22  ││                                                                                        │
│                   │ard-41  ││                                                                                        │
│                   │-34     ││                                                                                        │
│                   │-83     ││                                                                                        │
│                   │142     ││                                                                                        │
│                   │58      ││                                                                                        │
│                   │84      ││                                                                                        │
│                   │199  2  ││                                                                                        │
│                   │39      ││                                                                                        │
│                   │5    1  ││                                                                                        │
│                   │e-16    ││                                                                                        │
│                   │e-168   ││                                                                                        │
│                   │y-144   ││                                                                                        │
│                   │g-82    ││                                                                                        │
╰───────────────────╯────────╯╰────────────────────────────────────────────────────────────────────────────────────────╯
 NORMAL  ▌A company › Home                │ Enter show · j/k move · Esc back · ? help · Space more │  @37  DM 16 │ demo
