---
source: crates/slakio-tui/tests/shell_flows.rs
expression: s
---
╭──╮╭ DMs ─────────────────╮╭──────────────────────────────────────────────────────────────────────────────────────────╮
│▌A││ @ Kim                ││Choose a conversation in the list and press Enter.                                        │
│▌B││ @ Park               ││                                                                                          │
│──││ @ Lee                ││                                                                                          │
│H ││ @ Minsu              ││                                                                                          │
│D●││ @ Jiwon              ││                                                                                          │
│A●││ @ Park, Lee, Minsu 1 ││                                                                                          │
│F ││                      ││                                                                                          │
│L ││                      ││                                                                                          │
│  ││                      ││                                                                                          │
│  ││                      ││                                                                                          │
│  ││                      ││                                                                                          │
│  ││                      ││                                                                                          │
│  ││                      ││                                                                                          │
│  ││                      ││                                                                                          │
│  ││                      ││                                                                                          │
│  ││                      ││                                                                                          │
│  ││                      ││                                                                                          │
│  ││                      ││                                                                                          │
│  ││                      ││                                                                                          │
│  ││                      ││                                                                                          │
│  ││                      ││                                                                                          │
│  ││                      ││                                                                                          │
│  ││                      ││                                                                                          │
│  ││                      ││                                                                                          │
│  ││                      ││                                                                                          │
│  ││                      ││                                                                                          │
│  ││                      ││                                                                                          │
│  ││                      ││                                                                                          │
│  ││                      ││                                                                                          │
│  ││                      ││                                                                                          │
│  ││                      ││                                                                                          │
│  ││                      ││                                                                                          │
│  ││                      ││                                                                                          │
│  ││                      ││                                                                                          │
│  ││                      ││                                                                                          │
│  ││                      ││                                                                                          │
│  ││                      ││                                                                                          │
╰──╯╰──────────────────────╯╰──────────────────────────────────────────────────────────────────────────────────────────╯
 NORMAL  ▌B side  DMs                                                                                   @37  DM 1  demo
