---
source: crates/slakio-tui/tests/shell_flows.rs
expression: s
---
╭───────────────────╮       ╭──────────────────────────────────────────────────────────────────────────────────────────╮
│▌A company        ●│       │Choose a conversation in the list and press Enter.                                        │
│▌B side           ●│       │                                                                                          │
│───────────────────│       │                                                                                          │
│H  Home            │       │                                                                                          │
│D  DMs           16│       │                                                                                          │
│A  Activity      37│       │                                                                                          │
│F  Files           │       │                                                                                          │
│L  Later           │       │                                                                                          │
│                   │       │                                                                                          │
│                   │       │                                                                                          │
│                   │       │                                                                                          │
│                   │       │                                                                                          │
│                   │       │                                                                                          │
│                   │       │                                                                                          │
│                   │       │                                                                                          │
│                   │       │                                                                                          │
│                   │       │                                                                                          │
│                   │       │                                                                                          │
│                   │       │                                                                                          │
│                   │       │                                                                                          │
│                   │       │                                                                                          │
│                   │       │                                                                                          │
│                   │       │                                                                                          │
│                   │       │                                                                                          │
│                   │       │                                                                                          │
│                   │       │                                                                                          │
│                   │       │                                                                                          │
│                   │       │                                                                                          │
│                   │       │                                                                                          │
│                   │       │                                                                                          │
│                   │       │                                                                                          │
│                   │       │                                                                                          │
│                   │       │                                                                                          │
│                   │       │                                                                                          │
│                   │       │                                                                                          │
│                   │       │                                                                                          │
│                   │       │                                                                                          │
╰───────────────────╯       ╰──────────────────────────────────────────────────────────────────────────────────────────╯
 NORMAL  ▌A company  Home                                                                              @37  DM 16  demo
