---
source: crates/slakio-tui/tests/shell_flows.rs
expression: mask_hangul(&s)
---
 ▌A company @9 ▾ │ Home @24  DMs @4  Activity @37  Files  Later
╭ Home ────────────────────────────╮╭──────────────────────────────────────────────────────────────────────────────────────────────────────────────────────────────────────────────────────────────────╮
│ ▾ Favorites                      ││                                                                                                                                                                  │
│   # backend                      ││                                                                                                                                                                  │
│   # incidents                 3  ││                                                                                                                                                                  │
│                                  ││                                                                                                                                                                  │
│ ▾ Ops                            ││                                                                                                                                                                  │
│   # deploys                      ││                                                                                                                                                                  │
│   # alerts                       ││                                                                                                                                                                  │
│   # partner-shared ext           ││                                                                                                                                                                  │
│   # hostile-strings              ││                                                                                                                                                                  │
│   # big-history                  ││                                                                                                                                                                  │
│   # long-threads                 ││                                                                                                                                                                  │
│                                  ││                                                                                                                                                                  │
│ ▾ Channels                       ││                                                                                                                                                                  │
│   # announcements                ││                                                                                                                                                                  │
│   # design-review                ││                                                                                                                                                                  │
│   # feed-alert-134               ││                                                                                                                                                                  │
│   # feed-alert-8                 ││                                                                                                                                                                  │
│   # feed-budget-162              ││                                                                                                                                                                  │
│   # feed-budget-33               ││                                                              No conversation open                                                                                │
│   # feed-build-50                ││                                                              Pick one in the list and press Enter.                                                               │
│   # feed-cache-119               ││                                                                                                                                                                  │
│   # feed-customer-161            ││                                                              Enter    Open                                                                                       │
│   # feed-customer-167         1  ││                                                              Space h  Home                                                                                       │
│   # feed-dashboard-22            ││                                                              Space d  DMs                                                                                        │
│   # feed-dashboard-41            ││                                                              Ctrl+O   Back to the last one                                                                       │
│   # feed-design-34               ││                                                              ?        Keyboard help                                                                              │
│   # feed-design-83               ││                                                              Ctrl+Q   Quit                                                                                       │
│   # feed-draft-142               ││                                                                                                                                                                  │
│   # feed-draft-58                ││                                                                                                                                                                  │
│   # feed-draft-84                ││                                                                                                                                                                  │
│   # feed-index-199            2  ││                                                                                                                                                                  │
│   # feed-index-39                ││                                                                                                                                                                  │
│   # feed-index-5              1  ││                                                                                                                                                                  │
│   # feed-invoice-16              ││                                                                                                                                                                  │
│   # feed-invoice-168             ││                                                                                                                                                                  │
│   # feed-latency-144             ││                                                                                                                                                                  │
│   # feed-meeting-82              ││                                                                                                                                                                  │
│   # feed-merge-192               ││                                                                                                                                                                  │
│   # feed-merge-54                ││                                                                                                                                                                  │
│   # feed-metrics-125             ││                                                                                                                                                                  │
│   # feed-metrics-13              ││                                                                                                                                                                  │
│   # feed-metrics-18              ││                                                                                                                                                                  │
│   # feed-production-111          ││                                                                                                                                                                  │
│   # feed-production-44           ││                                                                                                                                                                  │
│   # feed-queue-224               ││                                                                                                                                                                  │
│   # feed-retry-63                ││                                                                                                                                                                  │
╰──────────────────────────────────╯╰──────────────────────────────────────────────────────────────────────────────────────────────────────────────────────────────────────────────────────────────────╯
 NORMAL  ▌A company › Home                                                   │ Enter open · l peek · t new tab · Tab next pane · : commands · Ctrl+R top bar · ? help · Space more │  @37  DM 16 │ demo
