---
source: crates/slakio-tui/tests/shell_flows.rs
expression: mask_hangul(&s)
---
╭──╮╭ DMs ───────────────────╮╭────────────────────────────────────────────────────────────────────────────────────────╮
│▌A││ ● Minsu Kim            ││                                                                                        │
│▌B││ ● Jiho Park            ││                                                                                        │
│──││ ○ ＊＊＊               ││                                                                                        │
│H ││ ◐ Jiyoung Lee          ││                                                                                        │
│D●││ ● Alex Morgan          ││                                                                                        │
│A●││ @ Jiho Park, ＊＊…  1  ││                                                                                        │
│F ││                        ││                                                                                        │
│L ││                        ││                                                                                        │
│  ││                        ││                                                                                        │
│  ││                        ││                                                                                        │
│  ││                        ││                                                                                        │
│  ││                        ││                                                                                        │
│  ││                        ││                                                                                        │
│  ││                        ││                                                                                        │
│  ││                        ││                         No conversation open                                           │
│  ││                        ││                         Pick one in the list and press Enter.                          │
│  ││                        ││                                                                                        │
│  ││                        ││                         Enter    Open                                                  │
│  ││                        ││                         Space h  Home                                                  │
│  ││                        ││                         Space d  DMs                                                   │
│  ││                        ││                         Ctrl+O   Back to the last one                                  │
│  ││                        ││                         ?        Keyboard help                                         │
│  ││                        ││                         Ctrl+Q   Quit                                                  │
│  ││                        ││                                                                                        │
│  ││                        ││                                                                                        │
│  ││                        ││                                                                                        │
│  ││                        ││                                                                                        │
│  ││                        ││                                                                                        │
│  ││                        ││                                                                                        │
│  ││                        ││                                                                                        │
│  ││                        ││                                                                                        │
│  ││                        ││                                                                                        │
│  ││                        ││                                                                                        │
│  ││                        ││                                                                                        │
│  ││                        ││                                                                                        │
│  ││                        ││                                                                                        │
│  ││                        ││                                                                                        │
╰──╯╰────────────────────────╯╰────────────────────────────────────────────────────────────────────────────────────────╯
 NORMAL  ▌B side › DMs    │ Enter open · l peek · Tab next pane · Ctrl+R rail · ? help · Space more │  @37  DM 1 │ demo
