---
source: crates/slakio-tui/tests/shell_flows.rs
expression: mask_hangul(&s)
---
╭ ▌A company ▾ · B @9 ───────╮╭────────────────────────────────────────────────╮
│ Home @24  D●11  A@37  F  L ││                                                │
├────────────────────────────┤│                                                │
│ ▾ Favorites                ││                                                │
│   # backend                ││                                                │
│   # incidents           3  ││                                                │
│                            ││                                                │
│ ▾ Ops                      ││     No conversation open                       │
│   # deploys                ││     Pick one in the list and press Enter.      │
│   # alerts                 ││                                                │
│   # partner-shared ext     ││     Enter    Open                              │
│   # hostile-strings        ││     Space h  Home                              │
│   # big-history            ││     Space d  DMs                               │
│   # long-threads           ││     Ctrl+O   Back to the last one              │
│                            ││     ?        Keyboard help                     │
│ ▾ Channels                 ││     Ctrl+Q   Quit                              │
│   # announcements          ││                                                │
│   # design-review          ││                                                │
│   # feed-alert-134         ││                                                │
│   # feed-alert-8           ││                                                │
│   # feed-budget-162        ││                                                │
│   # feed-budget-33         ││                                                │
╰────────────────────────────╯╰────────────────────────────────────────────────╯
 NORMAL  ▌A compa… › Home │ Enter open · t new tab · ? help · Space more │ demo
