---
source: crates/slakio-tui/tests/style_flows.rs
expression: screen_styled(&tabs(&t))
---
╭──╮╭ Home ──────────────────╮ 1 #incidents ●8 ×  2 #backend ×  3 #general ×
    [bdr 0..5] [mut 5..11] [bdr 11..30] [mut 30..43] [err B 43..46] [mut 46..47] [dim 47..48] [mut 48..49] [acc/surf2 B 49..52] [/surf2 B 52..61] [mut/surf2 61..62] [/surf2 B 62..63] [mut 63..75] [dim 75..76] [mut 76..77]
│▌A││ ▾ Favorites            │╭ ▌#backend ─────────────────────────────────────────────────────────────────────────────╮
    [bdr 0..1] [ws 1..2] [acc B 2..3] [bdr 3..5] [dim 6..7] [mut B 8..17] [bdr 29..30] [acc 30..32] [ws 32..33] [ B 33..42] [acc 42..120]
│▌B││   # backend            ││ AS Ava Shin      On budget still the tracing design roadmap                      04:23 │
    [bdr 0..1] [ws 1..2] [ B 2..3] [bdr 3..5] [mut 8..9] [bdr 29..30] [acc 30..31] [av/av B 32..34] [ B 35..49] [dim 113..118] [acc 119..120]
│──││   # incidents       3  ││ MJ Mia Jang      Sprint fine timeout for merge for check rollback budget alert   04:31 │
    [bdr 0..5] [ B 8..9] [ B 10..19] [on/err B 25..28] [bdr 29..30] [acc 30..31] [av/av B 32..34] [ B 35..49] [dim 113..118] [acc 119..120]
│H ││                        ││                  after pager review ticket retry                                       │
    [bdr 0..1] [acc B 1..2] [bdr 3..5] [bdr 29..30] [acc 30..31] [acc 119..120]
│D●││ ▾ Ops                  ││ EB Eve Bae       On review maybe check today still is now maybe ticket           04:39 │
    [bdr 0..1] [ B 2..3] [bdr 3..5] [dim 6..7] [mut B 8..11] [bdr 29..30] [acc 30..31] [av/av B 32..34] [ B 35..49] [dim 113..118] [acc 119..120]
│A●││   # deploys            ││ SR Sam Rivera    Suspect the DB pool                                             04:43 │
    [bdr 0..1] [err B 2..3] [bdr 3..5] [mut 8..9] [bdr 29..30] [acc 30..31] [av/av B 32..34] [ B 35..49] [dim 113..118] [acc 119..120]
│F ││   # alerts             ││                  ⤷ 10 replies · last 04:53                                             │
    [bdr 0..1] [bdr 3..5] [mut 8..9] [bdr 29..30] [acc 30..31] [acc 49..74] [acc 119..120]
│L ││   # partner-shared ext ││ AM Alex Morgan   Production tomorrow design                                      04:49 │
    [bdr 0..1] [bdr 3..5] [mut 8..9] [dim 24..28] [bdr 29..30] [acc 30..31] [av/av B 32..34] [ B 35..49] [dim 113..118] [acc 119..120]
│  ││   # hostile-strings    ││ KN Kate Nam      Index roadmap is draft merge today done queue design fine       04:59 │
    [bdr 0..1] [bdr 3..5] [ B 8..9] [ B 10..25] [bdr 29..30] [acc 30..31] [av/av B 32..34] [ B 35..49] [dim 113..118] [acc 119..120]
│  ││   # big-history        ││                  tracing                                                               │
    [bdr 0..1] [bdr 3..5] [mut 8..9] [bdr 29..30] [acc 30..31] [acc 119..120]
│  ││   # long-threads       ││ MB Max Baek      Looking into it                                                 05:02 │
    [bdr 0..1] [bdr 3..5] [mut 8..9] [bdr 29..30] [acc 30..31] [av/av B 32..34] [ B 35..49] [dim 113..118] [acc 119..120]
│  ││                        ││ ＊ ＊＊＊        Alert timeout deploy latency looks should broken should         05:12 │
    [bdr 0..1] [bdr 3..5] [bdr 29..30] [acc 30..31] [av/av B 32..33] [ B 35..36] [ B 37..38] [ B 39..40] [ B 41..49] [dim 113..118] [acc 119..120]
│  ││ ▾ Channels             ││                  production staging after timeout after alert roadmap                  │
    [bdr 0..1] [bdr 3..5] [dim 6..7] [mut B 8..16] [bdr 29..30] [acc 30..31] [acc 119..120]
│  ││   # announcements      ││ OH Owen Hwang    Again fine is branch customer draft on budget build             05:19 │
    [bdr 0..1] [bdr 3..5] [mut 8..9] [bdr 29..30] [acc 30..31] [av/av B 32..34] [ B 35..49] [dim 113..118] [acc 119..120]
│  ││   # design-review      ││ LJ Lily Jeon     Design index broken can lunch looks can today                   05:24 │
    [bdr 0..1] [bdr 3..5] [dim 8..9] [dim 10..23] [bdr 29..30] [acc 30..31] [av/av B 32..34] [ B 35..49] [dim 113..118] [acc 119..120]
│  ││   # feed-alert-134     ││ ＊ ＊＊＊        PR is up                                                        05:31 │
    [bdr 0..1] [bdr 3..5] [mut 8..9] [bdr 29..30] [acc 30..31] [av/av B 32..33] [ B 35..36] [ B 37..38] [ B 39..40] [ B 41..49] [dim 113..118] [acc 119..120]
│  ││   # feed-alert-8       ││ MK Minsu Kim     For staging latency tomorrow index after staging                05:43 │
    [bdr 0..1] [bdr 3..5] [mut 8..9] [bdr 29..30] [acc 30..31] [av/av B 32..34] [ B 35..49] [dim 113..118] [acc 119..120]
│  ││   # feed-budget-162    ││ DY Dana Yoon     see https://docs.example.com/runbooks/latency                   05:48 │
    [bdr 0..1] [bdr 3..5] [mut 8..9] [bdr 29..30] [acc 30..31] [av/av B 32..34] [ B 35..49] [dim 113..118] [acc 119..120]
│  ││   # feed-budget-33     ││ JP Jiho Park     Meeting for staging please someone someone on maybe timeout     05:51 │
    [bdr 0..1] [bdr 3..5] [mut 8..9] [bdr 29..30] [acc 30..31] [av/av B 32..34] [ B 35..49] [dim 113..118] [acc 119..120]
│  ││   # feed-build-50      ││                  retry a we design can sprint production                               │
    [bdr 0..1] [bdr 3..5] [mut 8..9] [bdr 29..30] [acc 30..31] [acc 119..120]
│  ││   # feed-cache-119     ││ JH Jiwon Han     Rolling back                                                    05:58 │
    [bdr 0..1] [bdr 3..5] [mut 8..9] [bdr 29..30] [acc 30..31] [av/av B 32..34] [ B 35..49] [dim 113..118] [acc 119..120]
│  ││   # feed-customer-161  ││ HJ Hyunwoo Jung  Schema production after invoice cache is should                 06:05 │
    [bdr 0..1] [bdr 3..5] [dim 8..9] [dim 10..27] [bdr 29..30] [acc 30..31] [av/av B 32..34] [ B 35..49] [dim 113..118] [acc 119..120]
│  ││   # feed-customer…  1  ││ KN Kate Nam      Suspect the DB pool 🎉                                          06:13 │
    [bdr 0..1] [bdr 3..5] [dim 8..9] [dim 10..24] [on/err B 25..28] [bdr 29..30] [acc 30..31] [av/av B 32..34] [ B 35..49] [dim 113..118] [acc 119..120]
│  ││   # feed-dashboard-22  ││ LJ Lily Jeon     Dashboard schema budget draft please is now waiting fine a      06:19 │
    [bdr 0..1] [bdr 3..5] [mut 8..9] [bdr 29..30] [acc 30..31] [av/av B 32..34] [ B 35..49] [dim 113..118] [acc 119..120]
│  ││   # feed-dashboard-41  ││                  lunch production someone cache release done                           │
    [bdr 0..1] [bdr 3..5] [mut 8..9] [bdr 29..30] [acc 30..31] [acc 119..120]
│  ││   # feed-design-34     ││ KN Kate Nam      Check a customer should maybe                                   06:26 │
    [bdr 0..1] [bdr 3..5] [mut 8..9] [bdr 29..30] [acc 30..31] [av/av B 32..34] [ B 35..49] [dim 113..118] [acc 119..120]
│  ││   # feed-design-83     ││ MJ Mia Jang      Budget metrics merge design rollback alert alert should draft   06:35 │
    [bdr 0..1] [bdr 3..5] [mut 8..9] [bdr 29..30] [acc 30..31] [av/av B 32..34] [ B 35..49] [dim 113..118] [acc 119..120]
│  ││   # feed-draft-142     ││                  after alert on staging tomorrow                                       │
    [bdr 0..1] [bdr 3..5] [mut 8..9] [bdr 29..30] [acc 30..31] [acc 119..120]
│  ││   # feed-draft-58      ││ TK Tom Ko        On waiting migration someone index can staging should           06:41 │
    [bdr 0..1] [bdr 3..5] [ B 8..9] [ B 10..23] [bdr 29..30] [acc 30..31] [av/av B 32..34] [ B 35..49] [dim 113..118] [acc 119..120]
│  ││   # feed-draft-84      ││ KN Kate Nam      Production roadmap customer build alert now latency fine review 06:51 │
    [bdr 0..1] [bdr 3..5] [mut 8..9] [bdr 29..30] [acc 30..31] [av/av B 32..34] [ B 35..49] [dim 113..118] [acc 119..120]
│  ││   # feed-index-199  2  ││                  latency roadmap broken should for                                     │
    [bdr 0..1] [bdr 3..5] [ B 8..9] [ B 10..24] [on/err B 25..28] [bdr 29..30] [acc 30..31] [acc 119..120]
│  ││   # feed-index-39      ││ ＊ ＊＊＊        Confirmed                                                       06:59 │
    [bdr 0..1] [bdr 3..5] [dim 8..9] [dim 10..23] [bdr 29..30] [acc 30..31] [av/av B 32..33] [ B 35..36] [ B 37..38] [ B 39..40] [ B 41..49] [dim 113..118] [acc 119..120]
│  ││   # feed-index-5    1  ││ KN Kate Nam      Ticket review pager pager production on build alert the on      07:05 │
    [bdr 0..1] [bdr 3..5] [ B 8..9] [ B 10..22] [on/err B 25..28] [bdr 29..30] [acc 30..31] [av/av B 32..34] [ B 35..49] [dim 113..118] [acc 119..120]
│  ││   # feed-invoice-16    ││                  draft                                                                 │
    [bdr 0..1] [bdr 3..5] [ B 8..9] [ B 10..25] [bdr 29..30] [acc 30..31] [acc 119..120]
│  ││   # feed-invoice-168   ││ SR Sam Rivera    Meeting moved to 3pm                                            07:14 │
    [bdr 0..1] [bdr 3..5] [mut 8..9] [bdr 29..30] [acc 30..31] [av/av B 32..34] [ B 35..49] [dim 113..118] [acc 119..120]
│  ││   # feed-latency-144   │├─ Message #backend ─────────────────────────────────────────────────────────────────────┤
    [bdr 0..1] [bdr 3..5] [mut 8..9] [bdr 29..30] [acc 30..120]
│  ││   # feed-meeting-82    ││ › Press i to write                                                                     │
    [bdr 0..1] [bdr 3..5] [mut 8..9] [bdr 29..30] [acc 30..31] [dim 32..118] [acc 119..120]
╰──╯╰────────────────────────╯╰────────────────────────────────────────────────────────────────────────────────────────╯
    [bdr 0..30] [acc 30..120]
 NORMAL  ▌A company › #backend            │ i write · k messages · Esc list · Ctrl+R rail · ? help │  @37  DM 16 │ demo
    [on/acc B 0..8] [/surf 8..9] [ws/surf 9..10] [/surf 10..19] [dim/surf 19..22] [/surf 22..41] [bdr/surf 41..44] [/surf B 44..45] [mut/surf 45..51] [dim/surf 51..54] [/surf B 54..55] [mut/surf 55..64] [dim/surf 64..67] [/surf B 67..70] [mut/surf 70..75] [dim/surf 75..78] [/surf B 78..84] [mut/surf 84..89] [dim/surf 89..92] [/surf B 92..93] [mut/surf 93..98] [bdr/surf 98..101] [on/err B 101..106] [/surf 106..107] [/surf B 107..112] [bdr/surf 112..115] [warm/surf 115..119] [/surf 119..120]
