---
source: crates/slakio-tui/tests/style_flows.rs
expression: screen_styled(&d)
---
╭ ▌A company ▾ · B @9 ───────╮╭────────────────────────────────────────────────╮
    [ B 0..30]
│▎Home                   @24 ││                                                │
    [ B 0..1] [ B R 1..29] [ B 29..30]
│ DMs                    ●11 ││                                                │
    [ B 0..1] [ B 25..28] [ B 29..30]
│ Activity               @37 ││                                                │
    [ B 0..1] [ B 25..28] [ B 29..30]
│ Files                      ││                                                │
    [ B 0..1] [ B 29..30]
│ Later                      ││                                                │
    [ B 0..1] [ B 29..30]
├─▾──────────────────────────┤│                                                │
    [ B 0..2] [ B D 2..3] [ B 3..30]
│ ▾ Favorites                ││     No conversation open                       │
    [ B 0..1] [ D 2..3] [ B 4..13] [ B 29..30] [ B 36..56]
│▎  # backend                ││     Pick one in the list and press Enter.      │
    [ B 0..1] [ B 29..30]
│   # incidents           3  ││                                                │
    [ B 0..1] [ B 4..5] [ B 6..15] [ B R 25..28] [ B 29..30]
│                            ││     Enter    Open                              │
    [ B 0..1] [ B 29..30] [ B 36..41]
│ ▾ Ops                      ││     Space h  Home                              │
    [ B 0..1] [ D 2..3] [ B 4..7] [ B 29..30] [ B 36..43]
│   # deploys                ││     Space d  DMs                               │
    [ B 0..1] [ B 29..30] [ B 36..43]
│   # alerts                 ││     Ctrl+O   Back to the last one              │
    [ B 0..1] [ B 29..30] [ B 36..42]
│   # partner-shared ext     ││     ?        Keyboard help                     │
    [ B 0..1] [ D 20..24] [ B 29..30] [ B 36..37]
│   # hostile-strings        ││     Ctrl+Q   Quit                              │
    [ B 0..1] [ B 4..5] [ B 6..21] [ B 29..30] [ B 36..42]
│   # big-history            ││                                                │
    [ B 0..1] [ B 29..30]
│   # long-threads           ││                                                │
    [ B 0..1] [ B 29..30]
│                            ││                                                │
    [ B 0..1] [ B 29..30]
│ ▾ Channels                 ││                                                │
    [ B 0..1] [ D 2..3] [ B 4..12] [ B 29..30]
│   # announcements          ││                                                │
    [ B 0..1] [ B 29..30]
│   # design-review          ││                                                │
    [ B 0..1] [ D 4..5] [ D 6..19] [ B 29..30]
╰────────────────────────────╯╰────────────────────────────────────────────────╯
    [ B 0..30]
 NORMAL  ▌A company › Home │ Enter show · j/k move · ? help · Space more │ demo
    [ B R 0..8] [ D 19..22] [ B 29..34] [ D 39..42] [ B 42..45] [ D 50..53] [ B 53..54] [ D 59..62] [ B 62..67]
