---
source: crates/slakio-tui/tests/style_flows.rs
expression: screen_styled(&d)
---
 ▌A company ▾ · B @9 │ Home @24  DMs ●11  Activity @37  Files  Later
    [ R 0..1] [ws R 1..2] [ B R 2..11] [ R 11..16] [ B R 16..17] [err B 17..20] [ R 20..22] [/bdr B 22..27] [err/bdr B 27..31] [/bdr B 31..32] [ R 32..36] [ B R 36..40] [ R 40..50] [err B 50..54] [ R 54..80]
╭ Home ──────────────────╮╭────────────────────────────────────────────────────╮
    [bdr 0..1] [mut 1..7] [bdr 7..80]
│ ▾ Favorites            ││                                                    │
    [bdr 0..1] [bdr 2..3] [mut B 4..13] [bdr 25..27] [bdr 79..80]
│▎  # backend            ││                                                    │
    [bdr 0..1] [mut 1..2] [mut 4..5] [bdr 25..27] [bdr 79..80]
│   # incidents       3  ││                                                    │
    [bdr 0..1] [ B 4..5] [ B 6..15] [on/err B 21..24] [bdr 25..27] [bdr 79..80]
│                        ││                                                    │
    [bdr 0..1] [bdr 25..27] [bdr 79..80]
│ ▾ Ops                  ││                                                    │
    [bdr 0..1] [bdr 2..3] [mut B 4..7] [bdr 25..27] [bdr 79..80]
│   # deploys            ││       No conversation open                         │
    [bdr 0..1] [mut 4..5] [bdr 25..27] [ B 34..54] [bdr 79..80]
│   # alerts             ││       Pick one in the list and press Enter.        │
    [bdr 0..1] [mut 4..5] [bdr 25..27] [mut 34..71] [bdr 79..80]
│   # partner-shared ext ││                                                    │
    [bdr 0..1] [mut 4..5] [bdr 20..24] [bdr 25..27] [bdr 79..80]
│   # hostile-strings    ││       Enter    Open                                │
    [bdr 0..1] [ B 4..5] [ B 6..21] [bdr 25..27] [warm B 34..39] [bdr 79..80]
│   # big-history        ││       Space h  Home                                │
    [bdr 0..1] [mut 4..5] [bdr 25..27] [warm B 34..41] [bdr 79..80]
│   # long-threads       ││       Space d  DMs                                 │
    [bdr 0..1] [mut 4..5] [bdr 25..27] [warm B 34..41] [bdr 79..80]
│                        ││       Ctrl+O   Back to the last one                │
    [bdr 0..1] [bdr 25..27] [warm B 34..40] [bdr 79..80]
│ ▾ Channels             ││       ?        Keyboard help                       │
    [bdr 0..1] [bdr 2..3] [mut B 4..12] [bdr 25..27] [warm B 34..35] [bdr 79..80]
│   # announcements      ││       Ctrl+Q   Quit                                │
    [bdr 0..1] [mut 4..5] [bdr 25..27] [warm B 34..40] [bdr 79..80]
│   # design-review      ││                                                    │
    [bdr 0..1] [bdr 4..5] [bdr 6..19] [bdr 25..27] [bdr 79..80]
│   # feed-alert-134     ││                                                    │
    [bdr 0..1] [mut 4..5] [bdr 25..27] [bdr 79..80]
│   # feed-alert-8       ││                                                    │
    [bdr 0..1] [mut 4..5] [bdr 25..27] [bdr 79..80]
│   # feed-budget-162    ││                                                    │
    [bdr 0..1] [mut 4..5] [bdr 25..27] [bdr 79..80]
│   # feed-budget-33     ││                                                    │
    [bdr 0..1] [mut 4..5] [bdr 25..27] [bdr 79..80]
│   # feed-build-50      ││                                                    │
    [bdr 0..1] [mut 4..5] [bdr 25..27] [bdr 79..80]
╰────────────────────────╯╰────────────────────────────────────────────────────╯
    [bdr 0..80]
 NORMAL  ▌A company › Home │ Enter show · h/l move · ? help · Space more │ demo
    [on/av B 0..8] [ws 9..10] [bdr 19..22] [bdr 26..29] [ B 29..34] [mut 34..39] [bdr 39..42] [ B 42..45] [mut 45..50] [bdr 50..53] [ B 53..54] [mut 54..59] [bdr 59..62] [ B 62..67] [mut 67..72] [bdr 72..75] [warm 75..79]
