---
source: crates/slakio-tui/tests/style_flows.rs
expression: screen_styled(&d)
---
╭──╮╭ Home ──────────────────╮╭────────────────────────────────────────────────────────────────────────────────────────╮
    [bdr 0..4] [acc 4..5] [ B 5..11] [acc 11..30] [bdr 30..120]
│▌A││ ▾ Favorites            ││                                                                                        │
    [bdr 0..1] [ws 1..2] [acc B 2..3] [bdr 3..4] [acc 4..5] [dim 6..7] [mut B 8..17] [acc 29..30] [bdr 30..31] [bdr 119..120]
│▌B││   # backend            ││                                                                                        │
    [bdr 0..1] [ws 1..2] [ B 2..3] [bdr 3..4] [acc 4..5] [/sel 5..29] [acc 29..30] [bdr 30..31] [bdr 119..120]
│──││   # incidents       3  ││                                                                                        │
    [bdr 0..4] [acc 4..5] [ B 8..9] [ B 10..19] [on/err B 25..28] [acc 29..30] [bdr 30..31] [bdr 119..120]
│H ││                        ││                                                                                        │
    [bdr 0..1] [acc B 1..2] [bdr 3..4] [acc 4..5] [acc 29..30] [bdr 30..31] [bdr 119..120]
│D●││ ▾ Ops                  ││                                                                                        │
    [bdr 0..1] [ B 2..3] [bdr 3..4] [acc 4..5] [dim 6..7] [mut B 8..11] [acc 29..30] [bdr 30..31] [bdr 119..120]
│A●││   # deploys            ││                                                                                        │
    [bdr 0..1] [err B 2..3] [bdr 3..4] [acc 4..5] [mut 8..9] [acc 29..30] [bdr 30..31] [bdr 119..120]
│F ││   # alerts             ││                                                                                        │
    [bdr 0..1] [bdr 3..4] [acc 4..5] [mut 8..9] [acc 29..30] [bdr 30..31] [bdr 119..120]
│L ││   # partner-shared ext ││                                                                                        │
    [bdr 0..1] [bdr 3..4] [acc 4..5] [mut 8..9] [dim 24..28] [acc 29..30] [bdr 30..31] [bdr 119..120]
│  ││   # hostile-strings    ││                                                                                        │
    [bdr 0..1] [bdr 3..4] [acc 4..5] [ B 8..9] [ B 10..25] [acc 29..30] [bdr 30..31] [bdr 119..120]
│  ││   # big-history        ││                                                                                        │
    [bdr 0..1] [bdr 3..4] [acc 4..5] [mut 8..9] [acc 29..30] [bdr 30..31] [bdr 119..120]
│  ││   # long-threads       ││                                                                                        │
    [bdr 0..1] [bdr 3..4] [acc 4..5] [mut 8..9] [acc 29..30] [bdr 30..31] [bdr 119..120]
│  ││                        ││                                                                                        │
    [bdr 0..1] [bdr 3..4] [acc 4..5] [acc 29..30] [bdr 30..31] [bdr 119..120]
│  ││ ▾ Channels             ││                                                                                        │
    [bdr 0..1] [bdr 3..4] [acc 4..5] [dim 6..7] [mut B 8..16] [acc 29..30] [bdr 30..31] [bdr 119..120]
│  ││   # announcements      ││                                                                                        │
    [bdr 0..1] [bdr 3..4] [acc 4..5] [mut 8..9] [acc 29..30] [bdr 30..31] [bdr 119..120]
│  ││   # design-review      ││                         No conversation open                                           │
    [bdr 0..1] [bdr 3..4] [acc 4..5] [dim 8..9] [dim 10..23] [acc 29..30] [bdr 30..31] [ B 56..76] [bdr 119..120]
│  ││   # feed-alert-134     ││                         Pick one in the list and press Enter.                          │
    [bdr 0..1] [bdr 3..4] [acc 4..5] [mut 8..9] [acc 29..30] [bdr 30..31] [mut 56..93] [bdr 119..120]
│  ││   # feed-alert-8       ││                                                                                        │
    [bdr 0..1] [bdr 3..4] [acc 4..5] [mut 8..9] [acc 29..30] [bdr 30..31] [bdr 119..120]
│  ││   # feed-budget-162    ││                         Enter    Open                                                  │
    [bdr 0..1] [bdr 3..4] [acc 4..5] [mut 8..9] [acc 29..30] [bdr 30..31] [warm B 56..61] [bdr 119..120]
│  ││   # feed-budget-33     ││                         Space h  Home                                                  │
    [bdr 0..1] [bdr 3..4] [acc 4..5] [mut 8..9] [acc 29..30] [bdr 30..31] [warm B 56..63] [bdr 119..120]
│  ││   # feed-build-50      ││                         Space d  DMs                                                   │
    [bdr 0..1] [bdr 3..4] [acc 4..5] [mut 8..9] [acc 29..30] [bdr 30..31] [warm B 56..63] [bdr 119..120]
│  ││   # feed-cache-119     ││                         Ctrl+O   Back to the last one                                  │
    [bdr 0..1] [bdr 3..4] [acc 4..5] [mut 8..9] [acc 29..30] [bdr 30..31] [warm B 56..62] [bdr 119..120]
│  ││   # feed-customer-161  ││                         ?        Keyboard help                                         │
    [bdr 0..1] [bdr 3..4] [acc 4..5] [dim 8..9] [dim 10..27] [acc 29..30] [bdr 30..31] [warm B 56..57] [bdr 119..120]
│  ││   # feed-customer…  1  ││                         Ctrl+Q   Quit                                                  │
    [bdr 0..1] [bdr 3..4] [acc 4..5] [dim 8..9] [dim 10..24] [on/err B 25..28] [acc 29..30] [bdr 30..31] [warm B 56..62] [bdr 119..120]
│  ││   # feed-dashboard-22  ││                                                                                        │
    [bdr 0..1] [bdr 3..4] [acc 4..5] [mut 8..9] [acc 29..30] [bdr 30..31] [bdr 119..120]
│  ││   # feed-dashboard-41  ││                                                                                        │
    [bdr 0..1] [bdr 3..4] [acc 4..5] [mut 8..9] [acc 29..30] [bdr 30..31] [bdr 119..120]
│  ││   # feed-design-34     ││                                                                                        │
    [bdr 0..1] [bdr 3..4] [acc 4..5] [mut 8..9] [acc 29..30] [bdr 30..31] [bdr 119..120]
│  ││   # feed-design-83     ││                                                                                        │
    [bdr 0..1] [bdr 3..4] [acc 4..5] [mut 8..9] [acc 29..30] [bdr 30..31] [bdr 119..120]
│  ││   # feed-draft-142     ││                                                                                        │
    [bdr 0..1] [bdr 3..4] [acc 4..5] [mut 8..9] [acc 29..30] [bdr 30..31] [bdr 119..120]
│  ││   # feed-draft-58      ││                                                                                        │
    [bdr 0..1] [bdr 3..4] [acc 4..5] [ B 8..9] [ B 10..23] [acc 29..30] [bdr 30..31] [bdr 119..120]
│  ││   # feed-draft-84      ││                                                                                        │
    [bdr 0..1] [bdr 3..4] [acc 4..5] [mut 8..9] [acc 29..30] [bdr 30..31] [bdr 119..120]
│  ││   # feed-index-199  2  ││                                                                                        │
    [bdr 0..1] [bdr 3..4] [acc 4..5] [ B 8..9] [ B 10..24] [on/err B 25..28] [acc 29..30] [bdr 30..31] [bdr 119..120]
│  ││   # feed-index-39      ││                                                                                        │
    [bdr 0..1] [bdr 3..4] [acc 4..5] [dim 8..9] [dim 10..23] [acc 29..30] [bdr 30..31] [bdr 119..120]
│  ││   # feed-index-5    1  ││                                                                                        │
    [bdr 0..1] [bdr 3..4] [acc 4..5] [ B 8..9] [ B 10..22] [on/err B 25..28] [acc 29..30] [bdr 30..31] [bdr 119..120]
│  ││   # feed-invoice-16    ││                                                                                        │
    [bdr 0..1] [bdr 3..4] [acc 4..5] [ B 8..9] [ B 10..25] [acc 29..30] [bdr 30..31] [bdr 119..120]
│  ││   # feed-invoice-168   ││                                                                                        │
    [bdr 0..1] [bdr 3..4] [acc 4..5] [mut 8..9] [acc 29..30] [bdr 30..31] [bdr 119..120]
│  ││   # feed-latency-144   ││                                                                                        │
    [bdr 0..1] [bdr 3..4] [acc 4..5] [mut 8..9] [acc 29..30] [bdr 30..31] [bdr 119..120]
│  ││   # feed-meeting-82    ││                                                                                        │
    [bdr 0..1] [bdr 3..4] [acc 4..5] [mut 8..9] [acc 29..30] [bdr 30..31] [bdr 119..120]
╰──╯╰────────────────────────╯╰────────────────────────────────────────────────────────────────────────────────────────╯
    [bdr 0..4] [acc 4..30] [bdr 30..120]
 NORMAL  ▌A company › Home  │ Enter open · l peek · : commands · Ctrl+R rail · ? help · Space more │  @37  DM 16 │ demo
    [on/acc B 0..8] [/surf 8..9] [ws/surf 9..10] [/surf 10..19] [dim/surf 19..22] [/surf 22..27] [bdr/surf 27..30] [/surf B 30..35] [mut/surf 35..40] [dim/surf 40..43] [/surf B 43..44] [mut/surf 44..49] [dim/surf 49..52] [/surf B 52..53] [mut/surf 53..62] [dim/surf 62..65] [/surf B 65..71] [mut/surf 71..76] [dim/surf 76..79] [/surf B 79..80] [mut/surf 80..85] [dim/surf 85..88] [/surf B 88..93] [mut/surf 93..98] [bdr/surf 98..101] [on/err B 101..106] [/surf 106..107] [/surf B 107..112] [bdr/surf 112..115] [warm/surf 115..119] [/surf 119..120]
