---
source: crates/slakio-tui/tests/style_flows.rs
expression: screen_styled(&tabs(&t))
---
 ▌A company ▾ · B @9 │ Home @24  DMs ●11  Activity @37  Files  Later
    [/surf 0..1] [ws/surf 1..2] [/surf B 2..11] [mut/surf 11..13] [/surf 13..16] [mut/surf B 16..17] [err/surf B 17..20] [/surf 20..21] [mut/surf 21..22] [/cl B 22..27] [err/cl B 27..31] [/cl B 31..32] [mut/surf 32..36] [err/surf B 36..40] [mut/surf 40..50] [err/surf B 50..54] [mut/surf 54..69] [/surf 69..120]
╭ Home ──────────────────╮ 1 #incidents @3 ×  2 #backend ×  3 #general ×
    [bdr 0..1] [mut 1..7] [bdr 7..26] [mut 26..39] [err B 39..42] [mut 42..43] [dim 43..44] [mut 44..45] [acc/cl B 45..48] [/cl B 48..57] [mut/cl 57..58] [/cl B 58..59] [mut 59..71] [dim 71..72] [mut 72..73]
│ ▾ Favorites            │╭ ▌#backend ─────────────────────────────────────────────────────────────────────────────────╮
    [bdr 0..1] [dim 2..3] [mut B 4..13] [bdr 25..26] [acc 26..28] [ws 28..29] [ B 29..38] [acc 38..120]
│   # backend            ││                                                                                            │
    [bdr 0..1] [mut 4..5] [bdr 25..26] [acc 26..27] [acc 119..120]
│   # incidents       3  ││  HJ   Hyunwoo Jung  06:05                                                                  │
    [bdr 0..1] [ B 4..5] [ B 6..15] [on/err B 21..24] [bdr 25..26] [acc 26..27] [av/av B 28..32] [ B 34..46] [dim 48..53] [acc 119..120]
│                        ││       Schema production after invoice cache is should                                      │
    [bdr 0..1] [bdr 25..26] [acc 26..27] [av/av B 28..32] [acc 119..120]
│ ▾ Ops                  ││                                                                                            │
    [bdr 0..1] [dim 2..3] [mut B 4..7] [bdr 25..26] [acc 26..27] [acc 119..120]
│   # deploys            ││  KN   Kate Nam  06:13                                                                      │
    [bdr 0..1] [mut 4..5] [bdr 25..26] [acc 26..27] [av/av B 28..32] [ B 34..42] [dim 44..49] [acc 119..120]
│   # alerts             ││       Suspect the DB pool 🎉                                                               │
    [bdr 0..1] [mut 4..5] [bdr 25..26] [acc 26..27] [av/av B 28..32] [acc 119..120]
│   # partner-shared ext ││                                                                                            │
    [bdr 0..1] [mut 4..5] [dim 20..24] [bdr 25..26] [acc 26..27] [acc 119..120]
│   # hostile-strings    ││  LJ   Lily Jeon  06:19                                                                     │
    [bdr 0..1] [ B 4..5] [ B 6..21] [bdr 25..26] [acc 26..27] [av/av B 28..32] [ B 34..43] [dim 45..50] [acc 119..120]
│   # big-history        ││       Dashboard schema budget draft please is now waiting fine a lunch production someone  │
    [bdr 0..1] [mut 4..5] [bdr 25..26] [acc 26..27] [av/av B 28..32] [acc 119..120]
│   # long-threads       ││       cache release done                                                                   │
    [bdr 0..1] [mut 4..5] [bdr 25..26] [acc 26..27] [acc 119..120]
│                        ││                                                                                            │
    [bdr 0..1] [bdr 25..26] [acc 26..27] [acc 119..120]
│ ▾ Channels             ││  KN   Kate Nam  06:26                                                                      │
    [bdr 0..1] [dim 2..3] [mut B 4..12] [bdr 25..26] [acc 26..27] [av/av B 28..32] [ B 34..42] [dim 44..49] [acc 119..120]
│   # announcements      ││       Check a customer should maybe                                                        │
    [bdr 0..1] [mut 4..5] [bdr 25..26] [acc 26..27] [av/av B 28..32] [acc 119..120]
│   # design-review      ││                                                                                            │
    [bdr 0..1] [dim 4..5] [dim 6..19] [bdr 25..26] [acc 26..27] [acc 119..120]
│   # feed-alert-134     ││  MJ   Mia Jang  06:35                                                                      │
    [bdr 0..1] [mut 4..5] [bdr 25..26] [acc 26..27] [av/av B 28..32] [ B 34..42] [dim 44..49] [acc 119..120]
│   # feed-alert-8       ││       Budget metrics merge design rollback alert alert should draft after alert on staging │
    [bdr 0..1] [mut 4..5] [bdr 25..26] [acc 26..27] [av/av B 28..32] [acc 119..120]
│   # feed-budget-162    ││       tomorrow                                                                             │
    [bdr 0..1] [mut 4..5] [bdr 25..26] [acc 26..27] [acc 119..120]
│   # feed-budget-33     ││                                                                                            │
    [bdr 0..1] [mut 4..5] [bdr 25..26] [acc 26..27] [acc 119..120]
│   # feed-build-50      ││  TK   Tom Ko  06:41                                                                        │
    [bdr 0..1] [mut 4..5] [bdr 25..26] [acc 26..27] [av/av B 28..32] [ B 34..40] [dim 42..47] [acc 119..120]
│   # feed-cache-119     ││       On waiting migration someone index can staging should                                │
    [bdr 0..1] [mut 4..5] [bdr 25..26] [acc 26..27] [av/av B 28..32] [acc 119..120]
│   # feed-customer-161  ││                                                                                            │
    [bdr 0..1] [dim 4..5] [dim 6..23] [bdr 25..26] [acc 26..27] [acc 119..120]
│   # feed-customer…  1  ││  KN   Kate Nam  06:51                                                                      │
    [bdr 0..1] [dim 4..5] [dim 6..20] [on/err B 21..24] [bdr 25..26] [acc 26..27] [av/av B 28..32] [ B 34..42] [dim 44..49] [acc 119..120]
│   # feed-dashboard-22  ││       Production roadmap customer build alert now latency fine review latency roadmap      │
    [bdr 0..1] [mut 4..5] [bdr 25..26] [acc 26..27] [av/av B 28..32] [acc 119..120]
│   # feed-dashboard-41  ││       broken should for                                                                    │
    [bdr 0..1] [mut 4..5] [bdr 25..26] [acc 26..27] [acc 119..120]
│   # feed-design-34     ││                                                                                            │
    [bdr 0..1] [mut 4..5] [bdr 25..26] [acc 26..27] [acc 119..120]
│   # feed-design-83     ││  ＊   ＊＊＊  06:59                                                                        │
    [bdr 0..1] [mut 4..5] [bdr 25..26] [acc 26..27] [av/av B 28..30] [av/av B 31..32] [ B 34..35] [ B 36..37] [ B 38..39] [dim 42..47] [acc 119..120]
│   # feed-draft-142     ││       Confirmed                                                                            │
    [bdr 0..1] [mut 4..5] [bdr 25..26] [acc 26..27] [av/av B 28..32] [acc 119..120]
│   # feed-draft-58      ││                                                                                            │
    [bdr 0..1] [ B 4..5] [ B 6..19] [bdr 25..26] [acc 26..27] [acc 119..120]
│   # feed-draft-84      ││  KN   Kate Nam  07:05                                                                      │
    [bdr 0..1] [mut 4..5] [bdr 25..26] [acc 26..27] [av/av B 28..32] [ B 34..42] [dim 44..49] [acc 119..120]
│   # feed-index-199  2  ││       Ticket review pager pager production on build alert the on draft                     │
    [bdr 0..1] [ B 4..5] [ B 6..20] [on/err B 21..24] [bdr 25..26] [acc 26..27] [av/av B 28..32] [acc 119..120]
│   # feed-index-39      ││                                                                                            │
    [bdr 0..1] [dim 4..5] [dim 6..19] [bdr 25..26] [acc 26..27] [acc 119..120]
│   # feed-index-5    1  ││  SR   Sam Rivera  07:14                                                                    │
    [bdr 0..1] [ B 4..5] [ B 6..18] [on/err B 21..24] [bdr 25..26] [acc 26..27] [av/av B 28..32] [ B 34..44] [dim 46..51] [acc 119..120]
│   # feed-invoice-16    ││       Meeting moved to 3pm                                                                 │
    [bdr 0..1] [ B 4..5] [ B 6..21] [bdr 25..26] [acc 26..27] [av/av B 28..32] [acc 119..120]
│   # feed-invoice-168   │├─ Message #backend ─────────────────────────────────────────────────────────────────────────┤
    [bdr 0..1] [mut 4..5] [bdr 25..26] [acc 26..120]
│   # feed-latency-144   ││ › Press i to write                                                                         │
    [bdr 0..1] [mut 4..5] [bdr 25..26] [acc 26..27] [dim 28..118] [acc 119..120]
╰────────────────────────╯╰────────────────────────────────────────────────────────────────────────────────────────────╯
    [bdr 0..26] [acc 26..120]
 NORMAL  ▌A company › #backend          │ i write · k messages · Esc list · Ctrl+R top bar · ? help · Space more │ demo
    [on/acc B 0..8] [/surf 8..9] [ws/surf 9..10] [/surf 10..19] [dim/surf 19..22] [/surf 22..39] [bdr/surf 39..42] [/surf B 42..43] [mut/surf 43..49] [dim/surf 49..52] [/surf B 52..53] [mut/surf 53..62] [dim/surf 62..65] [/surf B 65..68] [mut/surf 68..73] [dim/surf 73..76] [/surf B 76..82] [mut/surf 82..90] [dim/surf 90..93] [/surf B 93..94] [mut/surf 94..99] [dim/surf 99..102] [/surf B 102..107] [mut/surf 107..112] [bdr/surf 112..115] [warm/surf 115..119] [/surf 119..120]
