---
source: crates/slakio-tui/tests/style_flows.rs
expression: screen_styled(&d)
---
 ▌A company ▾ · B @9 │ Home @24  DMs ●11  Activity @37  Files  Later
    [/surf 0..1] [ws/surf 1..2] [/surf B 2..11] [mut/surf 11..13] [/surf 13..16] [mut/surf B 16..17] [err/surf B 17..20] [/surf 20..21] [mut/surf 21..22] [/cl B 22..27] [err/cl B 27..31] [/cl B 31..32] [mut/surf 32..36] [err/surf B 36..40] [mut/surf 40..50] [err/surf B 50..54] [mut/surf 54..69] [/surf 69..120]
╭ Home ──────────────────╮╭ ▌#long-threads ───────────────────────────────────────╮╭ ▌⤷ Thread · #long-threads ────────╮
    [bdr 0..1] [mut 1..7] [bdr 7..28] [ws 28..29] [mut 29..43] [bdr 43..83] [acc 83..85] [ws 85..86] [ B 86..111] [acc 111..120]
│ ▾ Favorites            ││ ──────────────────── 2026-01-06 ───────────────────── ││    metrics done build build       │
    [bdr 0..1] [dim 2..3] [mut B 4..13] [bdr 25..27] [/cl 27..82] [bdr 82..83] [acc 83..84] [acc 119..120]
│   # backend            ││ JL Jiyoung Lee · 07:23                                ││ DC Dan Cho · 03:14                │
    [bdr 0..1] [mut 4..5] [bdr 25..27] [/cl 27..28] [av/av B 28..30] [/cl 30..31] [/cl B 31..42] [/cl 42..82] [bdr 82..83] [acc 83..84] [av/av B 85..87] [ B 88..95] [dim 95..103] [acc 119..120]
│   # incidents       3  ││    We waiting waiting now index a the a the release   ││    Starting deploy                │
    [bdr 0..1] [ B 4..5] [ B 6..15] [on/err B 21..24] [bdr 25..27] [/cl 27..82] [bdr 82..83] [acc 83..84] [acc 119..120]
│                        ││    ⤷ 1,200 replies · last 03:23                       ││ ＊ ＊＊＊ · 03:15                 │
    [bdr 0..1] [bdr 25..27] [/cl 27..31] [acc/cl 31..59] [/cl 59..82] [bdr 82..83] [acc 83..84] [av/av B 85..86] [ B 88..89] [ B 90..91] [ B 92..93] [dim 94..102] [acc 119..120]
│ ▾ Ops                  ││ DC Dan Cho · 07:30                                    ││    Rolling back                   │
    [bdr 0..1] [dim 2..3] [mut B 4..7] [bdr 25..27] [av/av B 28..30] [ B 31..38] [dim 38..46] [bdr 82..83] [acc 83..84] [acc 119..120]
│   # deploys            ││    Still index lunch index                            ││ SR Sam Rivera · 03:16             │
    [bdr 0..1] [mut 4..5] [bdr 25..27] [bdr 82..83] [acc 83..84] [av/av B 85..87] [ B 88..98] [dim 98..106] [acc 119..120]
│   # alerts             ││    ⤷ 6 replies · last 07:36                           ││    Suspect the DB pool            │
    [bdr 0..1] [mut 4..5] [bdr 25..27] [acc 31..55] [bdr 82..83] [acc 83..84] [acc 119..120]
│   # partner-shared ext ││ OH Owen Hwang · 07:37                                 ││ MJ Mia Jang · 03:17               │
    [bdr 0..1] [mut 4..5] [dim 20..24] [bdr 25..27] [av/av B 28..30] [ B 31..41] [dim 41..49] [bdr 82..83] [acc 83..84] [av/av B 85..87] [ B 88..96] [dim 96..104] [acc 119..120]
│   # hostile-strings    ││    Queue a after cache invoice on customer metrics on ││    Staging fine invoice release   │
    [bdr 0..1] [ B 4..5] [ B 6..21] [bdr 25..27] [bdr 82..83] [acc 83..84] [acc 119..120]
│   # big-history        ││    maybe sprint                                       ││    merge                          │
    [bdr 0..1] [mut 4..5] [bdr 25..27] [bdr 82..83] [acc 83..84] [acc 119..120]
│   # long-threads       ││    ⤷ 12 replies · last 07:49                          ││ JH Jiwon Han · 03:18              │
    [bdr 0..1] [/cl 1..25] [bdr 25..27] [acc 31..56] [bdr 82..83] [acc 83..84] [av/av B 85..87] [ B 88..97] [dim 97..105] [acc 119..120]
│                        ││ LJ Lily Jeon · 07:41                                  ││    Budget should timeout timeout  │
    [bdr 0..1] [bdr 25..27] [av/av B 28..30] [ B 31..40] [dim 40..48] [bdr 82..83] [acc 83..84] [acc 119..120]
│ ▾ Channels             ││    Confirmed                                          ││    after tomorrow budget meeting  │
    [bdr 0..1] [dim 2..3] [mut B 4..12] [bdr 25..27] [bdr 82..83] [acc 83..84] [acc 119..120]
│   # announcements      ││ LJ Lily Jeon · 07:54                                  ││    someone production release     │
    [bdr 0..1] [mut 4..5] [bdr 25..27] [av/av B 28..30] [ B 31..40] [dim 40..48] [bdr 82..83] [acc 83..84] [acc 119..120]
│   # design-review      ││    see https://docs.example.com/runbooks/latency      ││ TK Tom Ko · 03:19                 │
    [bdr 0..1] [dim 4..5] [dim 6..19] [bdr 25..27] [bdr 82..83] [acc 83..84] [av/av B 85..87] [ B 88..94] [dim 94..102] [acc 119..120]
│   # feed-alert-134     ││ OH Owen Hwang · 08:00                                 ││    Draft draft is is customer can │
    [bdr 0..1] [mut 4..5] [bdr 25..27] [av/av B 28..30] [ B 31..41] [dim 41..49] [bdr 82..83] [acc 83..84] [acc 119..120]
│   # feed-alert-8       ││    Migration branch index queue should                ││    retry dashboard                │
    [bdr 0..1] [mut 4..5] [bdr 25..27] [bdr 82..83] [acc 83..84] [acc 119..120]
│   # feed-budget-162    ││ DY Dana Yoon · 08:05                                  ││ NS Nina Seo · 03:20               │
    [bdr 0..1] [mut 4..5] [bdr 25..27] [av/av B 28..30] [ B 31..40] [dim 40..48] [bdr 82..83] [acc 83..84] [av/av B 85..87] [ B 88..96] [dim 96..104] [acc 119..120]
│   # feed-budget-33     ││    Tracing on we pager please looks budget waiting    ││    After ticket customer timeout  │
    [bdr 0..1] [mut 4..5] [bdr 25..27] [bdr 82..83] [acc 83..84] [acc 119..120]
│   # feed-build-50      ││    merge budget queue still branch metrics customer   ││    queue again timeout check      │
    [bdr 0..1] [mut 4..5] [bdr 25..27] [bdr 82..83] [acc 83..84] [acc 119..120]
│   # feed-cache-119     ││    invoice                                            ││    sprint deploy review maybe is  │
    [bdr 0..1] [mut 4..5] [bdr 25..27] [bdr 82..83] [acc 83..84] [acc 119..120]
│   # feed-customer-161  ││ TK Tom Ko · 08:13                                     ││    build tracing latency          │
    [bdr 0..1] [dim 4..5] [dim 6..23] [bdr 25..27] [av/av B 28..30] [ B 31..37] [dim 37..45] [bdr 82..83] [acc 83..84] [acc 119..120]
│   # feed-customer…  1  ││    ＊＊ ＊＊＊＊＊＊                                  ││ MB Max Baek · 03:21               │
    [bdr 0..1] [dim 4..5] [dim 6..20] [on/err B 21..24] [bdr 25..27] [bdr 82..83] [acc 83..84] [av/av B 85..87] [ B 88..96] [dim 96..104] [acc 119..120]
│   # feed-dashboard-22  ││ MK Minsu Kim · 08:21                                  ││    Latency timeout should for     │
    [bdr 0..1] [mut 4..5] [bdr 25..27] [av/av B 28..30] [ B 31..40] [dim 40..48] [bdr 82..83] [acc 83..84] [acc 119..120]
│   # feed-dashboard-41  ││    Review lunch lunch design schema merge design      ││    invoice on index roadmap a     │
    [bdr 0..1] [mut 4..5] [bdr 25..27] [bdr 82..83] [acc 83..84] [acc 119..120]
│   # feed-design-34     ││    build the looks                                    ││    budget tracing is queue index  │
    [bdr 0..1] [mut 4..5] [bdr 25..27] [bdr 82..83] [acc 83..84] [acc 119..120]
│   # feed-design-83     ││ SR Sam Rivera · 08:33                                 ││    ticket                         │
    [bdr 0..1] [mut 4..5] [bdr 25..27] [av/av B 28..30] [ B 31..41] [dim 41..49] [bdr 82..83] [acc 83..84] [acc 119..120]
│   # feed-draft-142     ││    Tracing timeout index merge now deploy queue done  ││ IM Ivy Moon · 03:22               │
    [bdr 0..1] [mut 4..5] [bdr 25..27] [bdr 82..83] [acc 83..84] [av/av B 85..87] [ B 88..96] [dim 96..104] [acc 119..120]
│   # feed-draft-58      ││    retry meeting can pager pager (edited)             ││    Draft broken can looks staging │
    [bdr 0..1] [ B 4..5] [ B 6..19] [bdr 25..27] [mut 61..69] [bdr 82..83] [acc 83..84] [acc 119..120]
│   # feed-draft-84      ││ H  Hana · 08:35                                       ││    done tracing now lunch meeting │
    [bdr 0..1] [mut 4..5] [bdr 25..27] [av/av B 28..30] [ B 31..35] [dim 35..43] [bdr 82..83] [acc 83..84] [acc 119..120]
│   # feed-index-199  2  ││    For cache timeout ticket migration pager rollback  ││    invoice migration done         │
    [bdr 0..1] [ B 4..5] [ B 6..20] [on/err B 21..24] [bdr 25..27] [bdr 82..83] [acc 83..84] [acc 119..120]
│   # feed-index-39      ││    branch tracing after a done on tomorrow broken     ││    customer please                │
    [bdr 0..1] [dim 4..5] [dim 6..19] [bdr 25..27] [bdr 82..83] [acc 83..84] [acc 119..120]
│   # feed-index-5    1  ││    schema                                             ││ EB Eve Bae · 03:23                │
    [bdr 0..1] [ B 4..5] [ B 6..18] [on/err B 21..24] [bdr 25..27] [bdr 82..83] [acc 83..84] [av/av B 85..87] [ B 88..95] [dim 95..103] [acc 119..120]
│   # feed-invoice-16    ││    ⤷ 1 reply · last 08:36                             ││    ＊＊＊＊＊                     │
    [bdr 0..1] [ B 4..5] [ B 6..21] [bdr 25..27] [acc 31..53] [bdr 82..83] [acc 83..84] [acc 119..120]
│   # feed-invoice-168   │├─ Message #long-threads ───────────────────────────────┤├─ Reply ───────────────────────────┤
    [bdr 0..1] [mut 4..5] [bdr 25..83] [acc 83..120]
│   # feed-latency-144   ││ › Press i to write                                    ││ › Press i to reply                │
    [bdr 0..1] [mut 4..5] [bdr 25..27] [dim 28..81] [bdr 82..83] [acc 83..84] [dim 85..118] [acc 119..120]
╰────────────────────────╯╰───────────────────────────────────────────────────────╯╰───────────────────────────────────╯
    [bdr 0..83] [acc 83..120]
 NORMAL  ▌A company › #long-threads › ⤷ Thread         │ i reply · k messages · Esc main · Ctrl+W close · ? help │ demo
    [on/acc B 0..8] [/surf 8..9] [ws/surf 9..10] [/surf 10..19] [dim/surf 19..22] [/surf 22..54] [bdr/surf 54..57] [/surf B 57..58] [mut/surf 58..64] [dim/surf 64..67] [/surf B 67..68] [mut/surf 68..77] [dim/surf 77..80] [/surf B 80..83] [mut/surf 83..88] [dim/surf 88..91] [/surf B 91..97] [mut/surf 97..103] [dim/surf 103..106] [/surf B 106..107] [mut/surf 107..112] [bdr/surf 112..115] [warm/surf 115..119] [/surf 119..120]
