---
source: crates/slakio-tui/tests/tab_flows.rs
expression: d.snap()
---
╭ ▌A company ▾ · B @9 ───────╮‹ 4 #rand… ×  5 #depl… ×  6 #long… ×  7 #big-… ×
│▎Home                   @24 │╭ ▌#big-history ─────────────────────────────────╮
│ DMs                    ●11 ││ LK  Leo Kang  11:14                            │
│ Activity               @37 ││     Deploy customer sprint staging can         │
│ Files                      ││                                                │
│ Later                      ││ MB  Max Baek  11:30                            │
├─▾──────────────────────────┤│     PR is up                                   │
│ ▾ Favorites                ││                                                │
│   # backend                ││ AM  Alex Morgan  12:23                         │
│   # incidents           3  ││     Meeting moved to 3pm                       │
│                            ││     ✅ 2                                       │
│ ▾ Ops                      ││                                                │
│   # deploys                ││ IM  Ivy Moon  12:53                            │
│   # alerts                 ││     We rollback after                          │
│   # partner-shared ext     ││                                                │
│   # hostile-strings        ││ JL  Jordan Lee  13:32                          │
│▎  # big-history            ││     We on fine                                 │
│   # long-threads           ││                                                │
│                            ││ RO  Ryan Oh  13:48                             │
│ ▾ Channels                 ││     ＊＊ ＊＊＊＊＊＊                          │
│   # announcements          │├─ Message #big-history ─────────────────────────┤
│   # design-review          ││ › Press i to write                             │
╰────────────────────────────╯╰────────────────────────────────────────────────╯
 NORMAL  ▌A company › #big-history       │ i write · ? help · Space more │ demo
