---
source: crates/slakio-tui/tests/tab_flows.rs
expression: d.snap()
---
╭ ▌A company ▾ · B @9 ───────╮‹ 4 #rand… ×  5 #depl… ×  6 #long… ×  7 #big-… ×
│ Home @24  D●11  A@37  F  L │╭ ▌#big-history ─────────────────────────────────╮
├────────────────────────────┤│ LK  Leo Kang  11:14                            │
│ ▾ Favorites                ││     Deploy customer sprint staging can         │
│   # backend                ││                                                │
│   # incidents           3  ││ MB  Max Baek  11:30                            │
│                            ││     PR is up                                   │
│ ▾ Ops                      ││                                                │
│   # deploys                ││ AM  Alex Morgan  12:23                         │
│   # alerts                 ││     Meeting moved to 3pm                       │
│   # partner-shared ext     ││     ✅ 2                                       │
│   # hostile-strings        ││                                                │
│▎  # big-history            ││ IM  Ivy Moon  12:53                            │
│   # long-threads           ││     We rollback after                          │
│                            ││                                                │
│ ▾ Channels                 ││ JL  Jordan Lee  13:32                          │
│   # announcements          ││     We on fine                                 │
│   # design-review          ││                                                │
│   # feed-alert-134         ││ RO  Ryan Oh  13:48                             │
│   # feed-alert-8           ││     ＊＊ ＊＊＊＊＊＊                          │
│   # feed-budget-162        │├─ Message #big-history ─────────────────────────┤
│   # feed-budget-33         ││ › Press i to write                             │
╰────────────────────────────╯╰────────────────────────────────────────────────╯
 NORMAL  ▌A company › #big-history       │ i write · ? help · Space more │ demo
