---
source: crates/slakio-tui/tests/tab_flows.rs
expression: d.snap()
---
╭──╮╭ Home ──────────────────╮ 1 #backend ×  2 #incidents ×
│▌A││ ▾ Favorites            │╭ ▌#incidents ───────────────────────────────────────────────────────────────────────────╮
│▌B││   # backend            ││ AR Amy Ryu       Pager production the index draft someone today rollback alert   16:27 │
│──││▎  # incidents       3  ││ ＊ ＊＊＊        Can the someone looks                                           17:19 │
│H ││                        ││                  ⤷ 3 replies · last 17:22                                              │
│D●││ ▾ Ops                  ││                  :+1: 2                                                                │
│A●││   # deploys            ││ DB Deploy Bot    Now still meeting please pager can on draft roadmap migration   17:45 │
│F ││   # alerts             ││                  looks merge (edited)                                                  │
│L ││   # partner-shared ext ││ EB Eve Bae       Can someone review this?                                        18:13 │
│  ││   # hostile-strings    ││ AS Ava Shin      Deploy merge metrics timeout                                    18:47 │
│  ││   # big-history        ││ ＊ ＊＊＊        Again build dashboard fine looks lunch staging broken staging   19:10 │
│  ││   # long-threads       ││ AM Alex Morgan   Rolling back (edited)                                           19:43 │
│  ││                        ││ ES Ethan Song    Customer broken dashboard index branch fine customer someone we 20:01 │
│  ││ ▾ Channels             ││ BY Ben Yu        Deploy latency again retry check now review done a we metrics   20:37 │
│  ││   # announcements      ││                  please                                                                │
│  ││   # design-review      ││                  :white_check_mark: 2  :fire: 5                                        │
│  ││   # feed-alert-134     ││ AM Alex Morgan   Alert retry design ticket ticket migration should can check     20:56 │
│  ││   # feed-alert-8       ││                  latency                                                               │
│  ││   # feed-budget-162    ││ HJ Hyunwoo Jung  Now fine now migration migration build index                    21:49 │
│  ││   # feed-budget-33     ││                  :fire: 1                                                              │
│  ││   # feed-build-50      ││ MB Max Baek      Starting deploy                                                 21:53 │
│  ││   # feed-cache-119     ││ AR Amy Ryu       Timeout we release is                                           22:40 │
│  ││   # feed-customer-161  ││ AM Alex Morgan   Check staging design                                            23:03 │
│  ││   # feed-customer…  1  ││ ＊ ＊＊＊        Design design design draft sprint                               23:44 │
│  ││   # feed-dashboard-22  ││ KN Kate Nam      Review index we dashboard budget latency roadmap again please   23:56 │
│  ││   # feed-dashboard-41  ││                  sprint cache fine metrics                                             │
│  ││   # feed-design-34     ││ ───────────────────────────────────── 2026-01-07 ───────────────────────────────────── │
│  ││   # feed-design-83     ││ G  Grafana       Suspect the DB pool 🎉                                          00:46 │
│  ││   # feed-draft-142     ││ JL Jordan Lee    Thanks! (edited)                                                00:51 │
│  ││   # feed-draft-58      ││ RC Robin Choi    Thanks!                                                         01:49 │
│  ││   # feed-draft-84      ││ MJ Mia Jang      Still budget build latency rollback rollback retry sprint draft 02:18 │
│  ││   # feed-index-199  2  ││                  maybe lunch waiting the budget                                        │
│  ││   # feed-index-39      ││ DY Dana Yoon     Tomorrow ticket should merge waiting                            02:38 │
│  ││   # feed-index-5    1  ││ MK Minsu Kim     After check fine check branch metrics latency check             02:52 │
│  ││   # feed-invoice-16    ││ MJ Mia Jang      Budget invoice on is schema can on deploy check now release     03:33 │
│  ││   # feed-invoice-168   ││                  tracing on invoice                                                    │
│  ││   # feed-latency-144   │├─ Message #incidents ───────────────────────────────────────────────────────────────────┤
│  ││   # feed-meeting-82    ││ › Press i to write                                                                     │
╰──╯╰────────────────────────╯╰────────────────────────────────────────────────────────────────────────────────────────╯
 NORMAL  ▌A company › #incidents          │ i write · k messages · Esc list · Ctrl+R rail · ? help │  @37  DM 16 │ demo
